Microchip MPLAB XC8 Compiler V2.40

Linker command line:

-W-3 \
  --edf=C:\Program Files\Microchip\xc8\v2.40\pic\dat\20220703182018_en.msgs \
  -cn -h+dist/default/debug\colortest.X.debug.sym \
  --cmf=dist/default/debug\colortest.X.debug.cmf -z -Q18F67K40 \
  -oC:\Users\linab\AppData\Local\Temp\xcAs6qk.4 --defsym=__MPLAB_BUILD=1 \
  --fixupoverflow=error -Mdist/default/debug/colortest.X.debug.map \
  --md=C:\Users\linab\AppData\Local\Temp\xcAs6qk.dat -E1 -ver=XC8 Compiler \
  --acfsm=1493 -ACODE=00h-01FFFFh -ACONST=00h-01FFFFh \
  -ASMALLCONST=0E00h-0EFFhx498 -AMEDIUMCONST=0E00h-0FFFFh,010E00h-01FFFFh \
  -ACOMRAM=01h-05Fh -AABS1=00h-0DE9h -ABIGRAM=01h-0DE9h \
  -ARAM=060h-0FFh,0100h-01FFhx12,0D00h-0DE9h -ABANK0=060h-0FFh \
  -ABANK1=0100h-01FFh -ABANK2=0200h-02FFh -ABANK3=0300h-03FFh \
  -ABANK4=0400h-04FFh -ABANK5=0500h-05FFh -ABANK6=0600h-06FFh \
  -ABANK7=0700h-07FFh -ABANK8=0800h-08FFh -ABANK9=0900h-09FFh \
  -ABANK10=0A00h-0AFFh -ABANK11=0B00h-0BFFh -ABANK12=0C00h-0CFFh \
  -ABANK13=0D00h-0DE9h \
  -ASFR=0DEFh-0DFFh,0E00h-0EFFh,0F00h-0F5Fh,0F60h-0FFFh \
  -ABIGSFR=0DEFh-0FFFh -ACONFIG=0300000h-030000Bh -AIDLOC=0200000h-020000Fh \
  -AEEDATA=0310000h-03103FFh -peeprom_data=EEDATA \
  -preset_vec=00h,intcode=08h,intcodelo,powerup,init -pramtop=0E00h \
  -psmallconst=SMALLCONST -pmediumconst=MEDIUMCONST -pconst=CONST \
  -AFARRAM=00h-00h \
  -prdata=COMRAM,nvrram=COMRAM,nvbit=COMRAM,rbss=COMRAM,rbit=COMRAM \
  -pfarbss=FARRAM,fardata=FARRAM,nvFARRAM=FARRAM \
  -pintsave_regs=BIGRAM,bigbss=BIGRAM,bigdata=BIGRAM -pbss=RAM \
  -pidata=CODE,irdata=CODE,ibigdata=CODE,ifardata=CODE -prparam=COMRAM \
  C:\Users\linab\AppData\Local\Temp\xcAs6qk.o \
  dist/default/debug\colortest.X.debug.o 

Object code version is 3.11

Machine type is 18F67K40



                Name                               Link     Load   Length Selector   Space Scale
C:\Users\linab\AppData\Local\Temp\xcAs6qk.o
                idloc                            200000   200000       10        0       5
                config                           300000   300000        C        0       4
                init                                 A8       A8        4        4       0
                reset_vec                             0        0        6        0       0
dist/default/debug\colortest.X.debug.o
                intcode                               8        8       A0        4       0
                idloc                            200000   200000       10        0       5
                config                           300000   300000        C        0       4
                temp                                 43       43        1        1       1
                text26                              716      716       2C      359       0
                text25                              846      846       18      359       0
                text24                              796      796       2A      359       0
                text22                              85E      85E       10      359       0
                text21                              86E      86E        E      359       0
                text20                              808      808       20      359       0
                text19                              76C      76C       2A      359       0
                text18                              6E6      6E6       30      359       0
                text17                              742      742       2A      359       0
                text16                              7C0      7C0       28      359       0
                text15                              89C      89C        A      359       0
                text14                              892      892        A      359       0
                text13                              87C      87C        C      359       0
                text12                              7E8      7E8       20      359       0
                text11                              6B2      6B2       34      359       0
                text10                              828      828       1E      359       0
                text9                               39A      39A       C4        4       0
                text8                               45E      45E       60        4       0
                text7                               634      634       42        4       0
                text6                               888      888        A      359       0
                text5                               55E      55E       50        4       0
                text4                               50E      50E       50        4       0
                text3                               4BE      4BE       50        4       0
                text2                               5AE      5AE       44        4       0
                text1                               238      238      162        4       0
                text0                                AC       AC      18C        4       0
                cstackCOMRAM                         24       24       1F        1       1
                cstackBANK0                          60       60       3E       60       1
                bssBANK1                            100      100       78      100       1
                dataBANK0                            9E       9E       3B       60       1
                bssCOMRAM                             1        1       23        1       1
                cinit                               5F2      5F2       42        4       0
                idataBANK0                          676      676       3B        4       0

TOTAL           Name                               Link     Load   Length     Space
        CLASS   CODE           
                intcode                               8        8       A0         0
                init                                 A8       A8        4         0
                reset_vec                             0        0        6         0
                text26                              716      716       2C         0
                text25                              846      846       18         0
                text24                              796      796       2A         0
                text22                              85E      85E       10         0
                text21                              86E      86E        E         0
                text20                              808      808       20         0
                text19                              76C      76C       2A         0
                text18                              6E6      6E6       30         0
                text17                              742      742       2A         0
                text16                              7C0      7C0       28         0
                text15                              89C      89C        A         0
                text14                              892      892        A         0
                text13                              87C      87C        C         0
                text12                              7E8      7E8       20         0
                text11                              6B2      6B2       34         0
                text10                              828      828       1E         0
                text9                               39A      39A       C4         0
                text8                               45E      45E       60         0
                text7                               634      634       42         0
                text6                               888      888        A         0
                text5                               55E      55E       50         0
                text4                               50E      50E       50         0
                text3                               4BE      4BE       50         0
                text2                               5AE      5AE       44         0
                text1                               238      238      162         0
                text0                                AC       AC      18C         0
                cinit                               5F2      5F2       42         0
                idataBANK0                          676      676       3B         0

        CLASS   CONST          

        CLASS   SMALLCONST     

        CLASS   MEDIUMCONST    

        CLASS   COMRAM         
                temp                                 43       43        1         1
                cstackCOMRAM                         24       24       1F         1
                bssCOMRAM                             1        1       23         1

        CLASS   ABS1           

        CLASS   BIGRAM         

        CLASS   RAM            

        CLASS   BANK0          
                cstackBANK0                          60       60       3E         1
                dataBANK0                            9E       9E       3B         1

        CLASS   BANK1          
                bssBANK1                            100      100       78         1

        CLASS   BANK2          

        CLASS   BANK3          

        CLASS   BANK4          

        CLASS   BANK5          

        CLASS   BANK6          

        CLASS   BANK7          

        CLASS   BANK8          

        CLASS   BANK9          

        CLASS   BANK10         

        CLASS   BANK11         

        CLASS   BANK12         

        CLASS   BANK13         

        CLASS   SFR            

        CLASS   BIGSFR         

        CLASS   CONFIG         
                config                           300000   300000        C         4

        CLASS   IDLOC          
                idloc                            200000   200000       10         5

        CLASS   EEDATA         

        CLASS   FARRAM         

        CLASS   HEAP           

        CLASS   STACK          



SEGMENTS        Name                           Load    Length   Top    Selector   Space  Class

                reset_vec                      000000  000006  000006         0       0  CODE    
                bssCOMRAM                      000001  000043  000044         1       1  COMRAM  
                intcode                        000008  0006A9  0006B1         4       0  CODE    
                cstackBANK0                    000060  000079  0000D9        60       1  BANK0   
                bssBANK1                       000100  000078  000178       100       1  BANK1   
                text11                         0006B2  0001F4  0008A6       359       0  CODE    


UNUSED ADDRESS RANGES

        Name                Unused          Largest block    Delta
        BANK0            0000D9-0000FF               27
        BANK1            000178-0001FF               88
        BANK10           000A00-000AFF              100
        BANK11           000B00-000BFF              100
        BANK12           000C00-000CFF              100
        BANK13           000D00-000DE9               EA
        BANK2            000200-0002FF              100
        BANK3            000300-0003FF              100
        BANK4            000400-0004FF              100
        BANK5            000500-0005FF              100
        BANK6            000600-0006FF              100
        BANK7            000700-0007FF              100
        BANK8            000800-0008FF              100
        BANK9            000900-0009FF              100
        BIGRAM           000044-00005F               1C
                         0000D9-0000FF               27
                         000178-000DE9              C72
        BIGSFR           000DEF-000FFF              211
        CODE             000006-000007                2
                         0006B1-0006B1                1
                         0008A6-01FFFF            1F75A
        COMRAM           000044-00005F               1C
        CONST            000006-000007                2
                         0006B1-0006B1                1
                         0008A6-01FFFF            1F75A
        EEDATA           310000-3103FF              400
        MEDIUMCONST      000E00-00FFFF             F200
                         010E00-01FFFF             F200
        RAM              0000D9-0000FF               27
                         000178-000DE9              100
        SFR              000DEF-000FFF              100
        SMALLCONST       000E00-01FFFF              100

                                  Symbol Table

?___awdiv                      cstackCOMRAM 00002A
?_color_read_Blue              cstackCOMRAM 00002E
?_color_read_Green             cstackCOMRAM 00002E
?_color_read_Red               cstackCOMRAM 00002E
HighISR@reg                    cstackCOMRAM 000029
I2C_2_Master_Read@ack          cstackCOMRAM 00002C
I2C_2_Master_Read@tmp          cstackCOMRAM 00002D
I2C_2_Master_Write@data_byte   cstackCOMRAM 00002B
Light@colorcode                cstackCOMRAM 00002A
TxBufferedString@string        cstackCOMRAM 00002B
_ANSELDbits                    (abs)        000EA7
_BAUD4CONbits                  (abs)        000EE9
_EUSART4RXbuf                  bssCOMRAM    000001
_EUSART4TXbuf                  bssBANK1     00013C
_EUSART4VXbuf                  bssBANK1     000100
_HighISR                       intcode      000008
_I2C_2_Master_Idle             text16       0007C0
_I2C_2_Master_Init             text17       000742
_I2C_2_Master_Read             text7        000634
_I2C_2_Master_RepStart         text6        000888
_I2C_2_Master_Start            text15       00089C
_I2C_2_Master_Stop             text14       000892
_I2C_2_Master_Write            text13       00087C
_INTCONbits                    (abs)        000FF2
_Interrupts_init               text22       00085E
_LATAbits                      (abs)        000F79
_LATDbits                      (abs)        000F7C
_LATFbits                      (abs)        000F7E
_LATGbits                      (abs)        000F7F
_Light                         text8        00045E
_LightInit                     text21       00086E
_PIE0bits                      (abs)        000E29
_PIE4bits                      (abs)        000E2D
_PIR4bits                      (abs)        000E37
_RC0PPS                        (abs)        000E62
_RC4REG                        (abs)        000EE3
_RC4STAbits                    (abs)        000EE7
_RD5PPS                        (abs)        000E6F
_RD6PPS                        (abs)        000E70
_RX4PPS                        (abs)        000E15
_ReturnFLAG                    bssCOMRAM    000023
_RxBufReadCnt                  bssCOMRAM    000021
_RxBufWriteCnt                 bssCOMRAM    000022
_SP4BRGH                       (abs)        000EE6
_SP4BRGL                       (abs)        000EE5
_SSP2ADD                       (abs)        000ED6
_SSP2BUF                       (abs)        000ED5
_SSP2CLKPPS                    (abs)        000E1C
_SSP2CON1bits                  (abs)        000ED9
_SSP2CON2                      (abs)        000EDA
_SSP2CON2bits                  (abs)        000EDA
_SSP2DATPPS                    (abs)        000E1D
_SSP2STAT                      (abs)        000ED8
_T0CON0bits                    (abs)        000FD5
_T0CON1bits                    (abs)        000FD6
_TMR0H                         (abs)        000FD4
_TMR0L                         (abs)        000FD3
_TRISAbits                     (abs)        000F81
_TRISDbits                     (abs)        000F84
_TRISFbits                     (abs)        000F86
_TRISGbits                     (abs)        000F87
_TX4REG                        (abs)        000EE4
_TX4STAbits                    (abs)        000EE8
_Timer0_init                   text20       000808
_TxBufReadCnt                  bssCOMRAM    00001F
_TxBufWriteCnt                 bssCOMRAM    000020
_TxBufferedString              text18       0006E6
_VxBufReadCnt                  bssCOMRAM    00001D
_VxBufWriteCnt                 bssCOMRAM    00001E
__HRAM                         (abs)        000000
__Habs1                        abs1         000000
__Hbank0                       bank0        000000
__Hbank1                       bank1        000000
__Hbank10                      bank10       000000
__Hbank11                      bank11       000000
__Hbank12                      bank12       000000
__Hbank13                      bank13       000000
__Hbank2                       bank2        000000
__Hbank3                       bank3        000000
__Hbank4                       bank4        000000
__Hbank5                       bank5        000000
__Hbank6                       bank6        000000
__Hbank7                       bank7        000000
__Hbank8                       bank8        000000
__Hbank9                       bank9        000000
__Hbigbss                      bigbss       000000
__Hbigdata                     bigdata      000000
__Hbigram                      bigram       000000
__Hbigsfr                      bigsfr       000000
__Hbss                         bss          000000
__HbssBANK1                    bssBANK1     000000
__HbssCOMRAM                   bssCOMRAM    000000
__Hcinit                       cinit        000000
__Hclrtext                     clrtext      000000
__Hcomram                      comram       000000
__Hconfig                      config       30000C
__Hconst                       const        000000
__HcstackBANK0                 cstackBANK0  000000
__HcstackCOMRAM                cstackCOMRAM 000000
__Hdata                        data         000000
__HdataBANK0                   dataBANK0    000000
__Heeprom_data                 eeprom_data  000000
__Hfarbss                      farbss       000000
__Hfardata                     fardata      000000
__Hheap                        heap         000000
__Hibigdata                    ibigdata     000000
__Hidata                       idata        000000
__HidataBANK0                  idataBANK0   000000
__Hidloc                       idloc        200010
__Hifardata                    ifardata     000000
__Hinit                        init         0000AC
__Hintcode                     intcode      0000A8
__Hintcode_body                intcode_body 000000
__Hintcodelo                   intcodelo    0000A8
__Hintentry                    intentry     000000
__Hintret                      intret       000000
__Hintsave_regs                intsave_regs 000000
__Hirdata                      irdata       000000
__Hmediumconst                 mediumconst  000000
__HnvFARRAM                    nvFARRAM     000000
__Hnvbit                       nvbit        000000
__Hnvrram                      nvrram       000000
__Hparam                       rparam       000000
__Hpowerup                     powerup      0000A8
__Hram                         ram          000000
__Hramtop                      ramtop       000E00
__Hrbit                        rbit         000000
__Hrbss                        rbss         000000
__Hrdata                       rdata        000000
__Hreset_vec                   reset_vec    000006
__Hrparam                      rparam       000000
__Hsfr                         sfr          000000
__Hsmallconst                  smallconst   000000
__Hspace_0                     (abs)        000E00
__Hspace_1                     (abs)        000178
__Hspace_2                     (abs)        000000
__Hspace_4                     (abs)        60000C
__Hstack                       stack        000000
__Hstruct                      struct       000000
__Htemp                        temp         000044
__Htext                        text         000000
__Htext0                       text0        000000
__Htext1                       text1        000000
__Htext10                      text10       000000
__Htext11                      text11       000000
__Htext12                      text12       000000
__Htext13                      text13       000000
__Htext14                      text14       000000
__Htext15                      text15       000000
__Htext16                      text16       000000
__Htext17                      text17       000000
__Htext18                      text18       000000
__Htext19                      text19       000000
__Htext2                       text2        000000
__Htext20                      text20       000000
__Htext21                      text21       000000
__Htext22                      text22       000000
__Htext24                      text24       000000
__Htext25                      text25       000000
__Htext26                      text26       000000
__Htext3                       text3        000000
__Htext4                       text4        000000
__Htext5                       text5        000000
__Htext6                       text6        000000
__Htext7                       text7        000000
__Htext8                       text8        000000
__Htext9                       text9        000000
__LRAM                         (abs)        000001
__Labs1                        abs1         000000
__Lbank0                       bank0        000000
__Lbank1                       bank1        000000
__Lbank10                      bank10       000000
__Lbank11                      bank11       000000
__Lbank12                      bank12       000000
__Lbank13                      bank13       000000
__Lbank2                       bank2        000000
__Lbank3                       bank3        000000
__Lbank4                       bank4        000000
__Lbank5                       bank5        000000
__Lbank6                       bank6        000000
__Lbank7                       bank7        000000
__Lbank8                       bank8        000000
__Lbank9                       bank9        000000
__Lbigbss                      bigbss       000000
__Lbigdata                     bigdata      000000
__Lbigram                      bigram       000000
__Lbigsfr                      bigsfr       000000
__Lbss                         bss          000000
__LbssBANK1                    bssBANK1     000000
__LbssCOMRAM                   bssCOMRAM    000000
__Lcinit                       cinit        000000
__Lclrtext                     clrtext      000000
__Lcomram                      comram       000000
__Lconfig                      config       000000
__Lconst                       const        000000
__LcstackBANK0                 cstackBANK0  000000
__LcstackCOMRAM                cstackCOMRAM 000000
__Ldata                        data         000000
__LdataBANK0                   dataBANK0    000000
__Leeprom_data                 eeprom_data  000000
__Lfarbss                      farbss       000000
__Lfardata                     fardata      000000
__Lheap                        heap         000000
__Libigdata                    ibigdata     000000
__Lidata                       idata        000000
__LidataBANK0                  idataBANK0   000000
__Lidloc                       idloc        000000
__Lifardata                    ifardata     000000
__Linit                        init         0000A8
__Lintcode                     intcode      000008
__Lintcode_body                intcode_body 000000
__Lintcodelo                   intcodelo    0000A8
__Lintentry                    intentry     000000
__Lintret                      intret       000000
__Lintsave_regs                intsave_regs 000000
__Lirdata                      irdata       000000
__Lmediumconst                 mediumconst  000000
__LnvFARRAM                    nvFARRAM     000000
__Lnvbit                       nvbit        000000
__Lnvrram                      nvrram       000000
__Lparam                       rparam       000000
__Lpowerup                     powerup      0000A8
__Lram                         ram          000000
__Lramtop                      ramtop       000E00
__Lrbit                        rbit         000000
__Lrbss                        rbss         000000
__Lrdata                       rdata        000000
__Lreset_vec                   reset_vec    000000
__Lrparam                      rparam       000000
__Lsfr                         sfr          000000
__Lsmallconst                  smallconst   000000
__Lspace_0                     (abs)        000000
__Lspace_1                     (abs)        000000
__Lspace_2                     (abs)        000000
__Lspace_4                     (abs)        000000
__Lstack                       stack        000000
__Lstruct                      struct       000000
__Ltemp                        temp         000043
__Ltext                        text         000000
__Ltext0                       text0        000000
__Ltext1                       text1        000000
__Ltext10                      text10       000000
__Ltext11                      text11       000000
__Ltext12                      text12       000000
__Ltext13                      text13       000000
__Ltext14                      text14       000000
__Ltext15                      text15       000000
__Ltext16                      text16       000000
__Ltext17                      text17       000000
__Ltext18                      text18       000000
__Ltext19                      text19       000000
__Ltext2                       text2        000000
__Ltext20                      text20       000000
__Ltext21                      text21       000000
__Ltext22                      text22       000000
__Ltext24                      text24       000000
__Ltext25                      text25       000000
__Ltext26                      text26       000000
__Ltext3                       text3        000000
__Ltext4                       text4        000000
__Ltext5                       text5        000000
__Ltext6                       text6        000000
__Ltext7                       text7        000000
__Ltext8                       text8        000000
__Ltext9                       text9        000000
__S0                           (abs)        0008A6
__S1                           (abs)        000178
__S4                           (abs)        000000
__S5                           (abs)        000000
___awdiv                       text9        00039A
___awdiv@counter               cstackCOMRAM 00002E
___awdiv@dividend              cstackCOMRAM 00002A
___awdiv@divisor               cstackCOMRAM 00002C
___awdiv@quotient              cstackCOMRAM 000030
___awdiv@sign                  cstackCOMRAM 00002F
___heap_hi                     (abs)        000000
___heap_lo                     (abs)        000000
___inthi_sp                    stack        000000
___intlo_sp                    stack        000000
___param_bank                  (abs)        000000
___rparam_used                 (abs)        000001
___sp                          stack        000000
__accesstop                    (abs)        000060
__activetblptr                 (abs)        000000
__end_of_HighISR               intcode      0000A8
__end_of_I2C_2_Master_Idle     text16       0007E8
__end_of_I2C_2_Master_Init     text17       00076C
__end_of_I2C_2_Master_Read     text7        000676
__end_of_I2C_2_Master_RepStart text6        000892
__end_of_I2C_2_Master_Start    text15       0008A6
__end_of_I2C_2_Master_Stop     text14       00089C
__end_of_I2C_2_Master_Write    text13       000888
__end_of_Interrupts_init       text22       00086E
__end_of_Light                 text8        0004BE
__end_of_LightInit             text21       00087C
__end_of_Timer0_init           text20       000828
__end_of_TxBufferedString      text18       000716
__end_of___awdiv               text9        00045E
__end_of__initialization       cinit        00062A
__end_of_color_click_init      text11       0006E6
__end_of_color_read_Blue       text5        0005AE
__end_of_color_read_Green      text4        00055E
__end_of_color_read_Red        text3        00050E
__end_of_color_writetoaddr     text12       000808
__end_of_getCharFromTxBuf      text26       000742
__end_of_initUSART4            text10       000846
__end_of_isDataInTxBuf         text25       00085E
__end_of_levels                text2        0005F2
__end_of_main                  text0        000238
__end_of_putCharToRxBuf        text24       0007C0
__end_of_putCharToTxBuf        text19       000796
__end_of_readcard              text1        00039A
__initialization               cinit        0005F2
__mediumconst                  mediumconst  000000
__pbssBANK1                    bssBANK1     000100
__pbssCOMRAM                   bssCOMRAM    000001
__pcinit                       cinit        0005F2
__pcstackBANK0                 cstackBANK0  000060
__pcstackCOMRAM                cstackCOMRAM 000024
__pdataBANK0                   dataBANK0    00009E
__pidataBANK0                  idataBANK0   000676
__pintcode                     intcode      000008
__ptext0                       text0        0000AC
__ptext1                       text1        000238
__ptext10                      text10       000828
__ptext11                      text11       0006B2
__ptext12                      text12       0007E8
__ptext13                      text13       00087C
__ptext14                      text14       000892
__ptext15                      text15       00089C
__ptext16                      text16       0007C0
__ptext17                      text17       000742
__ptext18                      text18       0006E6
__ptext19                      text19       00076C
__ptext2                       text2        0005AE
__ptext20                      text20       000808
__ptext21                      text21       00086E
__ptext22                      text22       00085E
__ptext24                      text24       000796
__ptext25                      text25       000846
__ptext26                      text26       000716
__ptext3                       text3        0004BE
__ptext4                       text4        00050E
__ptext5                       text5        00055E
__ptext6                       text6        000888
__ptext7                       text7        000634
__ptext8                       text8        00045E
__ptext9                       text9        00039A
__ramtop                       ramtop       000E00
__smallconst                   smallconst   000000
_blue                          bssCOMRAM    000017
_charFLAG                      bssCOMRAM    00001C
_color_click_init              text11       0006B2
_color_read_Blue               text5        00055E
_color_read_Green              text4        00050E
_color_read_Red                text3        0004BE
_color_writetoaddr             text12       0007E8
_getCharFromTxBuf              text26       000716
_green                         bssCOMRAM    000015
_initUSART4                    text10       000828
_isDataInTxBuf                 text25       000846
_levels                        text2        0005AE
_main                          text0        0000AC
_putCharToRxBuf                text24       000796
_putCharToTxBuf                text19       00076C
_readcard                      text1        000238
_red                           bssCOMRAM    000019
_sendFLAG                      bssCOMRAM    00001B
btemp                          temp         000043
color_read_Blue@tmp            cstackCOMRAM 000033
color_read_Green@tmp           cstackCOMRAM 000033
color_read_Red@tmp             cstackCOMRAM 000033
color_writetoaddr@address      cstackCOMRAM 00002D
color_writetoaddr@value        cstackCOMRAM 00002C
end_of_initialization          cinit        00062A
int$flags                      temp         000043
intlevel0                      text         000000
intlevel1                      text         000000
intlevel2                      text         000000
intlevel3                      text         000000
isa$std                        (abs)        000001
isa$xinst                      (abs)        000000
levels@i                       cstackCOMRAM 000035
main@F14598                    dataBANK0    0000C1
main@F14600                    dataBANK0    0000D4
main@F14602                    dataBANK0    0000CE
main@F14604                    dataBANK0    0000BA
main@F14606                    dataBANK0    0000C8
main@F14608                    dataBANK0    0000B2
main@F14610                    dataBANK0    0000AA
main@F14612                    dataBANK0    00009E
main@buf                       cstackBANK0  00009B
main@buf_106                   cstackBANK0  00007C
main@buf_108                   cstackBANK0  000096
main@buf_110                   cstackBANK0  00008A
main@buf_112                   cstackBANK0  000083
main@buf_114                   cstackBANK0  000090
main@buf_116                   cstackBANK0  00006C
main@buf_118                   cstackBANK0  000074
main@buf_120                   cstackBANK0  000060
main@color                     cstackBANK0  00009D
main@j                         cstackBANK0  00009C
putCharToRxBuf@byte            cstackCOMRAM 000024
putCharToTxBuf@byte            cstackCOMRAM 00002A
readcard@blue                  cstackCOMRAM 000040
readcard@ratio1                cstackCOMRAM 00003B
readcard@ratio2                cstackCOMRAM 00003D
readcard@ratio3                cstackCOMRAM 000039
readcard@red                   cstackCOMRAM 00003F
stackhi                        (abs)        000000
stacklo                        (abs)        000000
start                          init         0000A8
start_initialization           cinit        0005F2
ttemp5                         temp         000044
ttemp6                         temp         000047
ttemp7                         temp         00004B
wtemp8                         temp         000044


MODULE INFORMATION

Module		Function		Class		Link	Load	Size
serial.c
		_putCharToRxBuf		CODE           	0796	0000	42
		_putCharToTxBuf		CODE           	076C	0000	42
		_isDataInTxBuf 		CODE           	0846	0000	24
		_TxBufferedString		CODE           	06E6	0000	48
		_getCharFromTxBuf		CODE           	0716	0000	44
		_initUSART4    		CODE           	0828	0000	30

serial.c estimated size: 230

lights.c
		_LightInit     		CODE           	086E	0000	14
		_Light         		CODE           	045E	0000	96

lights.c estimated size: 110

card.c
		_readcard      		CODE           	0238	0000	354
		_levels        		CODE           	05AE	0000	68

card.c estimated size: 422

timers.c
		_Timer0_init   		CODE           	0808	0000	32

timers.c estimated size: 32

color.c
		_color_writetoaddr		CODE           	07E8	0000	32
		_color_click_init		CODE           	06B2	0000	52
		_color_read_Green		CODE           	050E	0000	80
		_color_read_Red		CODE           	04BE	0000	80
		_color_read_Blue		CODE           	055E	0000	80

color.c estimated size: 324

C:\Program Files\Microchip\xc8\v2.40\pic\sources\c99\common\awdiv.c
		___awdiv       		CODE           	039A	0000	196

C:\Program Files\Microchip\xc8\v2.40\pic\sources\c99\common\awdiv.c estimated size: 196

interrupts.c
		_Interrupts_init		CODE           	085E	0000	16
		_HighISR       		CODE           	0008	0000	160

interrupts.c estimated size: 176

i2c.c
		_I2C_2_Master_Start		CODE           	089C	0000	10
		_I2C_2_Master_Read		CODE           	0634	0000	66
		_I2C_2_Master_Idle		CODE           	07C0	0000	40
		_I2C_2_Master_Init		CODE           	0742	0000	42
		_I2C_2_Master_Stop		CODE           	0892	0000	10
		_I2C_2_Master_RepStart		CODE           	0888	0000	10
		_I2C_2_Master_Write		CODE           	087C	0000	12

i2c.c estimated size: 190

shared
		__initialization		CODE           	05F2	0000	56

shared estimated size: 56

main.c
		_main          		CODE           	00AC	0000	396

main.c estimated size: 396

