Microchip MPLAB XC8 Compiler V2.40

Linker command line:

-W-3 \
  --edf=C:\Program Files\Microchip\xc8\v2.40\pic\dat\20220703182018_en.msgs \
  -cn -h+dist/default/debug\colortest.X.debug.sym \
  --cmf=dist/default/debug\colortest.X.debug.cmf -z -Q18F67K40 \
  -oC:\Users\linab\AppData\Local\Temp\xcAs440.4 --defsym=__MPLAB_BUILD=1 \
  --fixupoverflow=error -Mdist/default/debug/colortest.X.debug.map \
  --md=C:\Users\linab\AppData\Local\Temp\xcAs440.dat -E1 -ver=XC8 Compiler \
  --acfsm=1493 -ACODE=00h-01FFFFh -ACONST=00h-01FFFFh \
  -ASMALLCONST=0E00h-0EFFhx498 -AMEDIUMCONST=0E00h-0FFFFh,010E00h-01FFFFh \
  -ACOMRAM=01h-05Fh -AABS1=00h-0DE9h -ABIGRAM=01h-0DE9h \
  -ARAM=060h-0FFh,0100h-01FFhx12,0D00h-0DE9h -ABANK0=060h-0FFh \
  -ABANK1=0100h-01FFh -ABANK2=0200h-02FFh -ABANK3=0300h-03FFh \
  -ABANK4=0400h-04FFh -ABANK5=0500h-05FFh -ABANK6=0600h-06FFh \
  -ABANK7=0700h-07FFh -ABANK8=0800h-08FFh -ABANK9=0900h-09FFh \
  -ABANK10=0A00h-0AFFh -ABANK11=0B00h-0BFFh -ABANK12=0C00h-0CFFh \
  -ABANK13=0D00h-0DE9h \
  -ASFR=0DEFh-0DFFh,0E00h-0EFFh,0F00h-0F5Fh,0F60h-0FFFh \
  -ABIGSFR=0DEFh-0FFFh -ACONFIG=0300000h-030000Bh -AIDLOC=0200000h-020000Fh \
  -AEEDATA=0310000h-03103FFh -peeprom_data=EEDATA \
  -preset_vec=00h,intcode=08h,intcodelo,powerup,init -pramtop=0E00h \
  -psmallconst=SMALLCONST -pmediumconst=MEDIUMCONST -pconst=CONST \
  -AFARRAM=00h-00h \
  -prdata=COMRAM,nvrram=COMRAM,nvbit=COMRAM,rbss=COMRAM,rbit=COMRAM \
  -pfarbss=FARRAM,fardata=FARRAM,nvFARRAM=FARRAM \
  -pintsave_regs=BIGRAM,bigbss=BIGRAM,bigdata=BIGRAM -pbss=RAM \
  -pidata=CODE,irdata=CODE,ibigdata=CODE,ifardata=CODE -prparam=COMRAM \
  C:\Users\linab\AppData\Local\Temp\xcAs440.o \
  dist/default/debug\colortest.X.debug.o 

Object code version is 3.11

Machine type is 18F67K40



                Name                               Link     Load   Length Selector   Space Scale
C:\Users\linab\AppData\Local\Temp\xcAs440.o
                idloc                            200000   200000       10        0       5
                config                           300000   300000        C        0       4
                init                                 88       88        4        4       0
                reset_vec                             0        0        6        0       0
dist/default/debug\colortest.X.debug.o
                intcode                               8        8       80        4       0
                idloc                            200000   200000       10        0       5
                config                           300000   300000        C        0       4
                temp                                 55       55        1        1       1
                smallconst                          E00      E00       36      700       0
                text35                             1AA4     1AA4       2C      71B       0
                text34                             1BB4     1BB4       18      71B       0
                text33                             1B24     1B24       2A      71B       0
                text31                             1BCC     1BCC       10      71B       0
                text30                             1BDC     1BDC        E      71B       0
                text29                             1AFA     1AFA       2A      71B       0
                text28                             1A74     1A74       30      71B       0
                text27                             1AD0     1AD0       2A      71B       0
                text26                             1B4E     1B4E       28      71B       0
                text25                             1C0A     1C0A        A      71B       0
                text24                             1C00     1C00        A      71B       0
                text23                             1BEA     1BEA        C      71B       0
                text22                             1B76     1B76       20      71B       0
                text21                             1A40     1A40       34      71B       0
                text20                             1B96     1B96       1E      71B       0
                text19                             16B2     16B2       60      71B       0
                text18                             1988     1988       42      71B       0
                text17                             1BF6     1BF6        A      71B       0
                text16                             18F4     18F4       50      71B       0
                text15                             18A4     18A4       50      71B       0
                text14                             1854     1854       50      71B       0
                text13                             1804     1804       50      71B       0
                text12                             17B4     17B4       50      71B       0
                text11                             10B4     10B4      188      71B       0
                text10                             123C     123C      164      71B       0
                text9                              19CA     19CA       40      71B       0
                text8                              1C14     1C14        2      71B       0
                text7                              14EE     14EE       CA      71B       0
                text6                              1944     1944       44      71B       0
                text5                              1638     1638       7A      71B       0
                text4                               E36      E36      27E      71B       0
                text3                              13A0     13A0      14E      71B       0
                text2                              1764     1764       50      71B       0
                text1                              1712     1712       52      71B       0
                text0                              15B8     15B8       80      71B       0
                cstackCOMRAM                          1        1       4D        1       1
                cstackBANK0                          60       60       90       60       1
                bssBANK1                            100      100       D4      100       1
                bssBANK0                             F0       F0        F       60       1
                bssCOMRAM                            4E       4E        7        1       1
                cinit                              1A0A     1A0A       36      71B       0

TOTAL           Name                               Link     Load   Length     Space
        CLASS   CODE           
                intcode                               8        8       80         0
                init                                 88       88        4         0
                reset_vec                             0        0        6         0
                text35                             1AA4     1AA4       2C         0
                text34                             1BB4     1BB4       18         0
                text33                             1B24     1B24       2A         0
                text31                             1BCC     1BCC       10         0
                text30                             1BDC     1BDC        E         0
                text29                             1AFA     1AFA       2A         0
                text28                             1A74     1A74       30         0
                text27                             1AD0     1AD0       2A         0
                text26                             1B4E     1B4E       28         0
                text25                             1C0A     1C0A        A         0
                text24                             1C00     1C00        A         0
                text23                             1BEA     1BEA        C         0
                text22                             1B76     1B76       20         0
                text21                             1A40     1A40       34         0
                text20                             1B96     1B96       1E         0
                text19                             16B2     16B2       60         0
                text18                             1988     1988       42         0
                text17                             1BF6     1BF6        A         0
                text16                             18F4     18F4       50         0
                text15                             18A4     18A4       50         0
                text14                             1854     1854       50         0
                text13                             1804     1804       50         0
                text12                             17B4     17B4       50         0
                text11                             10B4     10B4      188         0
                text10                             123C     123C      164         0
                text9                              19CA     19CA       40         0
                text8                              1C14     1C14        2         0
                text7                              14EE     14EE       CA         0
                text6                              1944     1944       44         0
                text5                              1638     1638       7A         0
                text4                               E36      E36      27E         0
                text3                              13A0     13A0      14E         0
                text2                              1764     1764       50         0
                text1                              1712     1712       52         0
                text0                              15B8     15B8       80         0
                cinit                              1A0A     1A0A       36         0

        CLASS   CONST          

        CLASS   SMALLCONST     
                smallconst                          E00      E00       36         0

        CLASS   MEDIUMCONST    

        CLASS   COMRAM         
                temp                                 55       55        1         1
                cstackCOMRAM                          1        1       4D         1
                bssCOMRAM                            4E       4E        7         1

        CLASS   ABS1           

        CLASS   BIGRAM         

        CLASS   RAM            

        CLASS   BANK0          
                cstackBANK0                          60       60       90         1
                bssBANK0                             F0       F0        F         1

        CLASS   BANK1          
                bssBANK1                            100      100       D4         1

        CLASS   BANK2          

        CLASS   BANK3          

        CLASS   BANK4          

        CLASS   BANK5          

        CLASS   BANK6          

        CLASS   BANK7          

        CLASS   BANK8          

        CLASS   BANK9          

        CLASS   BANK10         

        CLASS   BANK11         

        CLASS   BANK12         

        CLASS   BANK13         

        CLASS   SFR            

        CLASS   BIGSFR         

        CLASS   CONFIG         
                config                           300000   300000        C         4

        CLASS   IDLOC          
                idloc                            200000   200000       10         5

        CLASS   EEDATA         

        CLASS   FARRAM         

        CLASS   HEAP           

        CLASS   STACK          



SEGMENTS        Name                           Load    Length   Top    Selector   Space  Class

                reset_vec                      000000  000006  000006         0       0  CODE    
                cstackCOMRAM                   000001  000055  000056         1       1  COMRAM  
                intcode                        000008  000084  00008C         4       0  CODE    
                cstackBANK0                    000060  00009F  0000FF        60       1  BANK0   
                bssBANK1                       000100  0000D4  0001D4       100       1  BANK1   
                smallconst                     000E00  000036  000E36       700       0  SMALLCON
                text4                          000E36  000DE0  001C16       71B       0  CODE    


UNUSED ADDRESS RANGES

        Name                Unused          Largest block    Delta
        BANK0            0000FF-0000FF                1
        BANK1            0001D4-0001FF               2C
        BANK10           000A00-000AFF              100
        BANK11           000B00-000BFF              100
        BANK12           000C00-000CFF              100
        BANK13           000D00-000DE9               EA
        BANK2            000200-0002FF              100
        BANK3            000300-0003FF              100
        BANK4            000400-0004FF              100
        BANK5            000500-0005FF              100
        BANK6            000600-0006FF              100
        BANK7            000700-0007FF              100
        BANK8            000800-0008FF              100
        BANK9            000900-0009FF              100
        BIGRAM           000056-00005F                A
                         0000FF-0000FF                1
                         0001D4-000DE9              C16
        BIGSFR           000DEF-000FFF              211
        CODE             000006-000007                2
                         00008C-000DFF              D74
                         001C16-01FFFF            1E3EA
        COMRAM           000056-00005F                A
        CONST            000006-000007                2
                         00008C-000DFF              D74
                         001C16-01FFFF            1E3EA
        EEDATA           310000-3103FF              400
        MEDIUMCONST      001C16-00FFFF             E3EA
                         010E00-01FFFF             F200
        RAM              0000FF-0000FF                1
                         0001D4-000DE9              100
        SFR              000DEF-000FFF              100
        SMALLCONST       001C16-01FFFF              100

                                  Symbol Table

?___aodiv                      cstackCOMRAM 000006
?___aomod                      cstackCOMRAM 000006
?_abs                          cstackCOMRAM 000018
?_color_read_Blue              cstackCOMRAM 00000A
?_color_read_Clear             cstackCOMRAM 00000A
?_color_read_Green             cstackCOMRAM 00000A
?_color_read_Red               cstackCOMRAM 00000A
?_sprintf                      cstackBANK0  000070
?_vfprintf                     cstackBANK0  00006A
HighISR@reg                    cstackCOMRAM 000005
I2C_2_Master_Read@ack          cstackCOMRAM 000008
I2C_2_Master_Read@tmp          cstackCOMRAM 000009
I2C_2_Master_Write@data_byte   cstackCOMRAM 000007
Light@colorcode                cstackCOMRAM 000006
TxBufferedString@string        cstackCOMRAM 000007
_ANSELDbits                    (abs)        000EA7
_BAUD4CONbits                  (abs)        000EE9
_EUSART4RXbuf                  bssBANK1     0001A0
_EUSART4TXbuf                  bssBANK1     000164
_EUSART4VXbuf                  bssBANK1     000100
_HighISR                       intcode      000008
_I2C_2_Master_Idle             text26       001B4E
_I2C_2_Master_Init             text27       001AD0
_I2C_2_Master_Read             text18       001988
_I2C_2_Master_RepStart         text17       001BF6
_I2C_2_Master_Start            text25       001C0A
_I2C_2_Master_Stop             text24       001C00
_I2C_2_Master_Write            text23       001BEA
_INTCONbits                    (abs)        000FF2
_Interrupts_init               text31       001BCC
_LATAbits                      (abs)        000F79
_LATFbits                      (abs)        000F7E
_LATGbits                      (abs)        000F7F
_Light                         text19       0016B2
_LightInit                     text30       001BDC
_PIE0bits                      (abs)        000E29
_PIE4bits                      (abs)        000E2D
_PIR4bits                      (abs)        000E37
_RC0PPS                        (abs)        000E62
_RC4REG                        (abs)        000EE3
_RC4STAbits                    (abs)        000EE7
_RD5PPS                        (abs)        000E6F
_RD6PPS                        (abs)        000E70
_RX4PPS                        (abs)        000E15
_ReturnFLAG                    bssBANK0     0000FE
_RxBufReadCnt                  bssCOMRAM    000053
_RxBufWriteCnt                 bssCOMRAM    000054
_SP4BRGH                       (abs)        000EE6
_SP4BRGL                       (abs)        000EE5
_SSP2ADD                       (abs)        000ED6
_SSP2BUF                       (abs)        000ED5
_SSP2CLKPPS                    (abs)        000E1C
_SSP2CON1bits                  (abs)        000ED9
_SSP2CON2                      (abs)        000EDA
_SSP2CON2bits                  (abs)        000EDA
_SSP2DATPPS                    (abs)        000E1D
_SSP2STAT                      (abs)        000ED8
_T0CON0bits                    (abs)        000FD5
_T0CON1bits                    (abs)        000FD6
_TMR0H                         (abs)        000FD4
_TMR0L                         (abs)        000FD3
_TRISAbits                     (abs)        000F81
_TRISDbits                     (abs)        000F84
_TRISFbits                     (abs)        000F86
_TRISGbits                     (abs)        000F87
_TX4REG                        (abs)        000EE4
_TX4STAbits                    (abs)        000EE8
_TxBufReadCnt                  bssCOMRAM    000051
_TxBufWriteCnt                 bssCOMRAM    000052
_TxBufferedString              text28       001A74
_VxBufReadCnt                  bssCOMRAM    00004F
_VxBufWriteCnt                 bssCOMRAM    000050
__HRAM                         (abs)        000000
__Habs1                        abs1         000000
__Hbank0                       bank0        000000
__Hbank1                       bank1        000000
__Hbank10                      bank10       000000
__Hbank11                      bank11       000000
__Hbank12                      bank12       000000
__Hbank13                      bank13       000000
__Hbank2                       bank2        000000
__Hbank3                       bank3        000000
__Hbank4                       bank4        000000
__Hbank5                       bank5        000000
__Hbank6                       bank6        000000
__Hbank7                       bank7        000000
__Hbank8                       bank8        000000
__Hbank9                       bank9        000000
__Hbigbss                      bigbss       000000
__Hbigdata                     bigdata      000000
__Hbigram                      bigram       000000
__Hbigsfr                      bigsfr       000000
__Hbss                         bss          000000
__HbssBANK0                    bssBANK0     000000
__HbssBANK1                    bssBANK1     000000
__HbssCOMRAM                   bssCOMRAM    000000
__Hcinit                       cinit        000000
__Hclrtext                     clrtext      000000
__Hcomram                      comram       000000
__Hconfig                      config       30000C
__Hconst                       const        000000
__HcstackBANK0                 cstackBANK0  000000
__HcstackCOMRAM                cstackCOMRAM 000000
__Hdata                        data         000000
__Heeprom_data                 eeprom_data  000000
__Hfarbss                      farbss       000000
__Hfardata                     fardata      000000
__Hheap                        heap         000000
__Hibigdata                    ibigdata     000000
__Hidata                       idata        000000
__Hidloc                       idloc        200010
__Hifardata                    ifardata     000000
__Hinit                        init         00008C
__Hintcode                     intcode      000088
__Hintcode_body                intcode_body 000000
__Hintcodelo                   intcodelo    000088
__Hintentry                    intentry     000000
__Hintret                      intret       000000
__Hintsave_regs                intsave_regs 000000
__Hirdata                      irdata       000000
__Hmediumconst                 mediumconst  000000
__HnvFARRAM                    nvFARRAM     000000
__Hnvbit                       nvbit        000000
__Hnvrram                      nvrram       000000
__Hparam                       rparam       000000
__Hpowerup                     powerup      000088
__Hram                         ram          000000
__Hramtop                      ramtop       000E00
__Hrbit                        rbit         000000
__Hrbss                        rbss         000000
__Hrdata                       rdata        000000
__Hreset_vec                   reset_vec    000006
__Hrparam                      rparam       000000
__Hsfr                         sfr          000000
__Hsmallconst                  smallconst   000E36
__Hspace_0                     (abs)        001C16
__Hspace_1                     (abs)        0001D4
__Hspace_2                     (abs)        000000
__Hspace_4                     (abs)        60000C
__Hstack                       stack        000000
__Hstruct                      struct       000000
__Htemp                        temp         000056
__Htext                        text         000000
__Htext0                       text0        000000
__Htext1                       text1        000000
__Htext10                      text10       000000
__Htext11                      text11       000000
__Htext12                      text12       000000
__Htext13                      text13       000000
__Htext14                      text14       000000
__Htext15                      text15       000000
__Htext16                      text16       000000
__Htext17                      text17       000000
__Htext18                      text18       000000
__Htext19                      text19       000000
__Htext2                       text2        000000
__Htext20                      text20       000000
__Htext21                      text21       000000
__Htext22                      text22       000000
__Htext23                      text23       000000
__Htext24                      text24       000000
__Htext25                      text25       000000
__Htext26                      text26       000000
__Htext27                      text27       000000
__Htext28                      text28       000000
__Htext29                      text29       000000
__Htext3                       text3        000000
__Htext30                      text30       000000
__Htext31                      text31       000000
__Htext33                      text33       000000
__Htext34                      text34       000000
__Htext35                      text35       000000
__Htext4                       text4        000000
__Htext5                       text5        000000
__Htext6                       text6        000000
__Htext7                       text7        000000
__Htext8                       text8        000000
__Htext9                       text9        000000
__LRAM                         (abs)        000001
__Labs1                        abs1         000000
__Lbank0                       bank0        000000
__Lbank1                       bank1        000000
__Lbank10                      bank10       000000
__Lbank11                      bank11       000000
__Lbank12                      bank12       000000
__Lbank13                      bank13       000000
__Lbank2                       bank2        000000
__Lbank3                       bank3        000000
__Lbank4                       bank4        000000
__Lbank5                       bank5        000000
__Lbank6                       bank6        000000
__Lbank7                       bank7        000000
__Lbank8                       bank8        000000
__Lbank9                       bank9        000000
__Lbigbss                      bigbss       000000
__Lbigdata                     bigdata      000000
__Lbigram                      bigram       000000
__Lbigsfr                      bigsfr       000000
__Lbss                         bss          000000
__LbssBANK0                    bssBANK0     000000
__LbssBANK1                    bssBANK1     000000
__LbssCOMRAM                   bssCOMRAM    000000
__Lcinit                       cinit        000000
__Lclrtext                     clrtext      000000
__Lcomram                      comram       000000
__Lconfig                      config       000000
__Lconst                       const        000000
__LcstackBANK0                 cstackBANK0  000000
__LcstackCOMRAM                cstackCOMRAM 000000
__Ldata                        data         000000
__Leeprom_data                 eeprom_data  000000
__Lfarbss                      farbss       000000
__Lfardata                     fardata      000000
__Lheap                        heap         000000
__Libigdata                    ibigdata     000000
__Lidata                       idata        000000
__Lidloc                       idloc        000000
__Lifardata                    ifardata     000000
__Linit                        init         000088
__Lintcode                     intcode      000008
__Lintcode_body                intcode_body 000000
__Lintcodelo                   intcodelo    000088
__Lintentry                    intentry     000000
__Lintret                      intret       000000
__Lintsave_regs                intsave_regs 000000
__Lirdata                      irdata       000000
__Lmediumconst                 mediumconst  000000
__LnvFARRAM                    nvFARRAM     000000
__Lnvbit                       nvbit        000000
__Lnvrram                      nvrram       000000
__Lparam                       rparam       000000
__Lpowerup                     powerup      000088
__Lram                         ram          000000
__Lramtop                      ramtop       000E00
__Lrbit                        rbit         000000
__Lrbss                        rbss         000000
__Lrdata                       rdata        000000
__Lreset_vec                   reset_vec    000000
__Lrparam                      rparam       000000
__Lsfr                         sfr          000000
__Lsmallconst                  smallconst   000E00
__Lspace_0                     (abs)        000000
__Lspace_1                     (abs)        000000
__Lspace_2                     (abs)        000000
__Lspace_4                     (abs)        000000
__Lstack                       stack        000000
__Lstruct                      struct       000000
__Ltemp                        temp         000055
__Ltext                        text         000000
__Ltext0                       text0        000000
__Ltext1                       text1        000000
__Ltext10                      text10       000000
__Ltext11                      text11       000000
__Ltext12                      text12       000000
__Ltext13                      text13       000000
__Ltext14                      text14       000000
__Ltext15                      text15       000000
__Ltext16                      text16       000000
__Ltext17                      text17       000000
__Ltext18                      text18       000000
__Ltext19                      text19       000000
__Ltext2                       text2        000000
__Ltext20                      text20       000000
__Ltext21                      text21       000000
__Ltext22                      text22       000000
__Ltext23                      text23       000000
__Ltext24                      text24       000000
__Ltext25                      text25       000000
__Ltext26                      text26       000000
__Ltext27                      text27       000000
__Ltext28                      text28       000000
__Ltext29                      text29       000000
__Ltext3                       text3        000000
__Ltext30                      text30       000000
__Ltext31                      text31       000000
__Ltext33                      text33       000000
__Ltext34                      text34       000000
__Ltext35                      text35       000000
__Ltext4                       text4        000000
__Ltext5                       text5        000000
__Ltext6                       text6        000000
__Ltext7                       text7        000000
__Ltext8                       text8        000000
__Ltext9                       text9        000000
__S0                           (abs)        001C16
__S1                           (abs)        0001D4
__S4                           (abs)        000000
__S5                           (abs)        000000
___aodiv                       text11       0010B4
___aodiv@counter               cstackCOMRAM 000016
___aodiv@dividend              cstackCOMRAM 000006
___aodiv@divisor               cstackCOMRAM 00000E
___aodiv@quotient              cstackCOMRAM 000018
___aodiv@sign                  cstackCOMRAM 000017
___aomod                       text10       00123C
___aomod@counter               cstackCOMRAM 000016
___aomod@dividend              cstackCOMRAM 000006
___aomod@divisor               cstackCOMRAM 00000E
___aomod@sign                  cstackCOMRAM 000017
___heap_hi                     (abs)        000000
___heap_lo                     (abs)        000000
___inthi_sp                    stack        000000
___intlo_sp                    stack        000000
___param_bank                  (abs)        000000
___rparam_used                 (abs)        000001
___sp                          stack        000000
__accesstop                    (abs)        000060
__activetblptr                 (abs)        000001
__end_of_HighISR               intcode      000088
__end_of_I2C_2_Master_Idle     text26       001B76
__end_of_I2C_2_Master_Init     text27       001AFA
__end_of_I2C_2_Master_Read     text18       0019CA
__end_of_I2C_2_Master_RepStart text17       001C00
__end_of_I2C_2_Master_Start    text25       001C14
__end_of_I2C_2_Master_Stop     text24       001C0A
__end_of_I2C_2_Master_Write    text23       001BF6
__end_of_Interrupts_init       text31       001BDC
__end_of_Light                 text19       001712
__end_of_LightInit             text30       001BEA
__end_of_TxBufferedString      text28       001AA4
__end_of___aodiv               text11       00123C
__end_of___aomod               text10       0013A0
__end_of__initialization       cinit        001A2E
__end_of_abs                   text9        001A0A
__end_of_color_click_init      text21       001A74
__end_of_color_read_Blue       text16       001944
__end_of_color_read_Clear      text15       0018F4
__end_of_color_read_Green      text14       0018A4
__end_of_color_read_Red        text13       001854
__end_of_color_writetoaddr     text22       001B96
__end_of_dtoa                  text4        0010B4
__end_of_fputc                 text7        0015B8
__end_of_fputs                 text6        001988
__end_of_getCharFromTxBuf      text35       001AD0
__end_of_initUSART4            text20       001BB4
__end_of_isDataInTxBuf         text34       001BCC
__end_of_levels                text12       001804
__end_of_main                  text0        001638
__end_of_pad                   text5        0016B2
__end_of_putCharToRxBuf        text33       001B4E
__end_of_putCharToTxBuf        text29       001B24
__end_of_putch                 text8        001C16
__end_of_sprintf               text1        001764
__end_of_vfpfcnvrt             text3        0014EE
__end_of_vfprintf              text2        0017B4
__initialization               cinit        001A0A
__mediumconst                  mediumconst  000000
__pbssBANK0                    bssBANK0     0000F0
__pbssBANK1                    bssBANK1     000100
__pbssCOMRAM                   bssCOMRAM    00004E
__pcinit                       cinit        001A0A
__pcstackBANK0                 cstackBANK0  000060
__pcstackCOMRAM                cstackCOMRAM 000001
__pintcode                     intcode      000008
__psmallconst                  smallconst   000E00
__ptext0                       text0        0015B8
__ptext1                       text1        001712
__ptext10                      text10       00123C
__ptext11                      text11       0010B4
__ptext12                      text12       0017B4
__ptext13                      text13       001804
__ptext14                      text14       001854
__ptext15                      text15       0018A4
__ptext16                      text16       0018F4
__ptext17                      text17       001BF6
__ptext18                      text18       001988
__ptext19                      text19       0016B2
__ptext2                       text2        001764
__ptext20                      text20       001B96
__ptext21                      text21       001A40
__ptext22                      text22       001B76
__ptext23                      text23       001BEA
__ptext24                      text24       001C00
__ptext25                      text25       001C0A
__ptext26                      text26       001B4E
__ptext27                      text27       001AD0
__ptext28                      text28       001A74
__ptext29                      text29       001AFA
__ptext3                       text3        0013A0
__ptext30                      text30       001BDC
__ptext31                      text31       001BCC
__ptext33                      text33       001B24
__ptext34                      text34       001BB4
__ptext35                      text35       001AA4
__ptext4                       text4        000E36
__ptext5                       text5        001638
__ptext6                       text6        001944
__ptext7                       text7        0014EE
__ptext8                       text8        001C14
__ptext9                       text9        0019CA
__ramtop                       ramtop       000E00
__smallconst                   smallconst   000E00
_abs                           text9        0019CA
_blue                          bssBANK0     0000F8
_charFLAG                      bssBANK0     0000FD
_clear                         bssBANK0     0000F4
_color_click_init              text21       001A40
_color_read_Blue               text16       0018F4
_color_read_Clear              text15       0018A4
_color_read_Green              text14       001854
_color_read_Red                text13       001804
_color_writetoaddr             text22       001B76
_dbuf                          bssBANK1     0001B4
_dtoa                          text4        000E36
_dtoa$1516                     cstackCOMRAM 000033
_flags                         bssBANK0     0000FC
_fputc                         text7        0014EE
_fputs                         text6        001944
_getCharFromTxBuf              text35       001AA4
_green                         bssBANK0     0000F6
_initUSART4                    text20       001B96
_isDataInTxBuf                 text34       001BB4
_levels                        text12       0017B4
_main                          text0        0015B8
_pad                           text5        001638
_prec                          bssBANK0     0000F2
_putCharToRxBuf                text33       001B24
_putCharToTxBuf                text29       001AFA
_putch                         text8        001C14
_red                           bssBANK0     0000FA
_sendFLAG                      bssCOMRAM    00004E
_sprintf                       text1        001712
_vfpfcnvrt                     text3        0013A0
_vfprintf                      text2        001764
_width                         bssBANK0     0000F0
abs@a                          cstackCOMRAM 000018
btemp                          temp         000055
color_read_Blue@tmp            cstackCOMRAM 00000F
color_read_Clear@tmp           cstackCOMRAM 00000F
color_read_Green@tmp           cstackCOMRAM 00000F
color_read_Red@tmp             cstackCOMRAM 00000F
color_writetoaddr@address      cstackCOMRAM 000009
color_writetoaddr@value        cstackCOMRAM 000008
dtoa@d                         cstackCOMRAM 000023
dtoa@fp                        cstackCOMRAM 000021
dtoa@i                         cstackCOMRAM 000042
dtoa@n                         cstackCOMRAM 000039
dtoa@p                         cstackCOMRAM 000035
dtoa@s                         cstackCOMRAM 000041
dtoa@w                         cstackCOMRAM 000037
end_of_initialization          cinit        001A2E
fputc@c                        cstackCOMRAM 000006
fputc@fp                       cstackCOMRAM 000008
fputs@c                        cstackCOMRAM 000013
fputs@fp                       cstackCOMRAM 000011
fputs@i                        cstackCOMRAM 000014
fputs@s                        cstackCOMRAM 00000F
int$flags                      temp         000055
intlevel0                      text         000000
intlevel1                      text         000000
intlevel2                      text         000000
intlevel3                      text         000000
isa$std                        (abs)        000001
isa$xinst                      (abs)        000000
levels@i                       cstackCOMRAM 000011
main@buf                       cstackBANK0  00008B
main@i                         cstackBANK0  0000EF
pad@buf                        cstackCOMRAM 000018
pad@fp                         cstackCOMRAM 000016
pad@i                          cstackCOMRAM 00001D
pad@p                          cstackCOMRAM 00001A
pad@w                          cstackCOMRAM 00001F
putCharToRxBuf@byte            cstackCOMRAM 000001
putCharToTxBuf@byte            cstackCOMRAM 000006
sprintf@ap                     cstackBANK0  00007E
sprintf@f                      cstackBANK0  000080
sprintf@fmt                    cstackBANK0  000072
sprintf@s                      cstackBANK0  000070
stackhi                        (abs)        000000
stacklo                        (abs)        000000
start                          init         000088
start_initialization           cinit        001A0A
ttemp5                         temp         000056
ttemp6                         temp         000059
ttemp7                         temp         00005D
vfpfcnvrt@ap                   cstackCOMRAM 000048
vfpfcnvrt@convarg              cstackBANK0  000060
vfpfcnvrt@cp                   cstackBANK0  000068
vfpfcnvrt@fmt                  cstackCOMRAM 000046
vfpfcnvrt@fp                   cstackCOMRAM 000044
vfprintf@ap                    cstackBANK0  00006E
vfprintf@cfmt                  cstackCOMRAM 00004C
vfprintf@fmt                   cstackBANK0  00006C
vfprintf@fp                    cstackBANK0  00006A
wtemp8                         temp         000056


MODULE INFORMATION

Module		Function		Class		Link	Load	Size
C:\Program Files\Microchip\xc8\v2.40\pic\sources\c99\common\nf_fputc.c
		_fputc         		CODE           	14EE	0000	202

C:\Program Files\Microchip\xc8\v2.40\pic\sources\c99\common\nf_fputc.c estimated size: 202

serial.c
		_putCharToRxBuf		CODE           	1B24	0000	42
		_putCharToTxBuf		CODE           	1AFA	0000	42
		_isDataInTxBuf 		CODE           	1BB4	0000	24
		_TxBufferedString		CODE           	1A74	0000	48
		_getCharFromTxBuf		CODE           	1AA4	0000	44
		_initUSART4    		CODE           	1B96	0000	30

serial.c estimated size: 230

lights.c
		_LightInit     		CODE           	1BDC	0000	14
		_Light         		CODE           	16B2	0000	96

lights.c estimated size: 110

card.c
		_levels        		CODE           	17B4	0000	80

card.c estimated size: 80

C:\Program Files\Microchip\xc8\v2.40\pic\sources\c99\common\nf_sprintf.c
		_sprintf       		CODE           	1712	0000	82

C:\Program Files\Microchip\xc8\v2.40\pic\sources\c99\common\nf_sprintf.c estimated size: 82

color.c
		_color_writetoaddr		CODE           	1B76	0000	32
		_color_click_init		CODE           	1A40	0000	52
		_color_read_Green		CODE           	1854	0000	80
		_color_read_Clear		CODE           	18A4	0000	80
		_color_read_Red		CODE           	1804	0000	80
		_color_read_Blue		CODE           	18F4	0000	80

color.c estimated size: 404

interrupts.c
		_Interrupts_init		CODE           	1BCC	0000	16
		_HighISR       		CODE           	0008	0000	128

interrupts.c estimated size: 144

C:\Program Files\Microchip\xc8\v2.40\pic\sources\c99\common\abs.c
		_abs           		CODE           	19CA	0000	64

C:\Program Files\Microchip\xc8\v2.40\pic\sources\c99\common\abs.c estimated size: 64

i2c.c
		_I2C_2_Master_Start		CODE           	1C0A	0000	10
		_I2C_2_Master_Read		CODE           	1988	0000	66
		_I2C_2_Master_Idle		CODE           	1B4E	0000	40
		_I2C_2_Master_Init		CODE           	1AD0	0000	42
		_I2C_2_Master_Stop		CODE           	1C00	0000	10
		_I2C_2_Master_RepStart		CODE           	1BF6	0000	10
		_I2C_2_Master_Write		CODE           	1BEA	0000	12

i2c.c estimated size: 190

C:\Program Files\Microchip\xc8\v2.40\pic\sources\c99\common\nf_fputs.c
		_fputs         		CODE           	1944	0000	68

C:\Program Files\Microchip\xc8\v2.40\pic\sources\c99\common\nf_fputs.c estimated size: 68

C:\Program Files\Microchip\xc8\v2.40\pic\sources\c99\common\aomod.c
		___aomod       		CODE           	123C	0000	356

C:\Program Files\Microchip\xc8\v2.40\pic\sources\c99\common\aomod.c estimated size: 356

shared
		__initialization		CODE           	1A0A	0000	36

shared estimated size: 36

C:\Program Files\Microchip\xc8\v2.40\pic\sources\c99\common\putch.c
		_putch         		CODE           	1C14	0000	2

C:\Program Files\Microchip\xc8\v2.40\pic\sources\c99\common\putch.c estimated size: 2

C:\Program Files\Microchip\xc8\v2.40\pic\sources\c99\common\doprnt.c
		_vfpfcnvrt     		CODE           	13A0	0000	334
		_pad           		CODE           	1638	0000	122
		_dtoa          		CODE           	0E36	0000	638
		_vfprintf      		CODE           	1764	0000	80

C:\Program Files\Microchip\xc8\v2.40\pic\sources\c99\common\doprnt.c estimated size: 1174

main.c
		_main          		CODE           	15B8	0000	128

main.c estimated size: 128

C:\Program Files\Microchip\xc8\v2.40\pic\sources\c99\common\aodiv.c
		___aodiv       		CODE           	10B4	0000	392

C:\Program Files\Microchip\xc8\v2.40\pic\sources\c99\common\aodiv.c estimated size: 392

