Microchip MPLAB XC8 Compiler V2.40

Linker command line:

-W-3 \
  --edf=C:\Program Files\Microchip\xc8\v2.40\pic\dat\20220703182018_en.msgs \
  -cn -h+dist/default/production\colortest.X.production.sym \
  --cmf=dist/default/production\colortest.X.production.cmf -z -Q18F67K40 \
  -oC:\Users\linab\AppData\Local\Temp\xcAs2pc.4 --defsym=__MPLAB_BUILD=1 \
  --fixupoverflow=error \
  -Mdist/default/production/colortest.X.production.map \
  --md=C:\Users\linab\AppData\Local\Temp\xcAs2pc.dat -E1 -ver=XC8 Compiler \
  --acfsm=1493 -ACODE=00h-01FFFFh -ACONST=00h-01FFFFh \
  -ASMALLCONST=0E00h-0EFFhx498 -AMEDIUMCONST=0E00h-0FFFFh,010E00h-01FFFFh \
  -ACOMRAM=01h-05Fh -AABS1=00h-0DE9h -ABIGRAM=01h-0DE9h \
  -ARAM=060h-0FFh,0100h-01FFhx12,0D00h-0DE9h -ABANK0=060h-0FFh \
  -ABANK1=0100h-01FFh -ABANK2=0200h-02FFh -ABANK3=0300h-03FFh \
  -ABANK4=0400h-04FFh -ABANK5=0500h-05FFh -ABANK6=0600h-06FFh \
  -ABANK7=0700h-07FFh -ABANK8=0800h-08FFh -ABANK9=0900h-09FFh \
  -ABANK10=0A00h-0AFFh -ABANK11=0B00h-0BFFh -ABANK12=0C00h-0CFFh \
  -ABANK13=0D00h-0DE9h \
  -ASFR=0DEFh-0DFFh,0E00h-0EFFh,0F00h-0F5Fh,0F60h-0FFFh \
  -ABIGSFR=0DEFh-0FFFh -ACONFIG=0300000h-030000Bh -AIDLOC=0200000h-020000Fh \
  -AEEDATA=0310000h-03103FFh -peeprom_data=EEDATA \
  -preset_vec=00h,intcode=08h,intcodelo,powerup,init -pramtop=0E00h \
  -psmallconst=SMALLCONST -pmediumconst=MEDIUMCONST -pconst=CONST \
  -AFARRAM=00h-00h \
  -prdata=COMRAM,nvrram=COMRAM,nvbit=COMRAM,rbss=COMRAM,rbit=COMRAM \
  -pfarbss=FARRAM,fardata=FARRAM,nvFARRAM=FARRAM \
  -pintsave_regs=BIGRAM,bigbss=BIGRAM,bigdata=BIGRAM -pbss=RAM \
  -pidata=CODE,irdata=CODE,ibigdata=CODE,ifardata=CODE -prparam=COMRAM \
  C:\Users\linab\AppData\Local\Temp\xcAs2pc.o \
  dist/default/production\colortest.X.production.o 

Object code version is 3.11

Machine type is 18F67K40



                Name                               Link     Load   Length Selector   Space Scale
C:\Users\linab\AppData\Local\Temp\xcAs2pc.o
                idloc                            200000   200000       10        0       5
                config                           300000   300000        C        0       4
                init                                 A8       A8        4        4       0
                reset_vec                             0        0        4        0       0
dist/default/production\colortest.X.production.o
                intcode                               8        8       A0        4       0
                idloc                            200000   200000       10        0       5
                config                           300000   300000        C        0       4
                temp                                 4A       4A        1        1       1
                text27                              C04      C04       2C      5CC       0
                text26                              D14      D14       18      5CC       0
                text25                              C84      C84       2A      5CC       0
                text23                              D2C      D2C       10      5CC       0
                text22                              D3C      D3C        E      5CC       0
                text21                              C5A      C5A       2A      5CC       0
                text20                              B98      B98       38      5CC       0
                text19                              C30      C30       2A      5CC       0
                text18                              CAE      CAE       28      5CC       0
                text17                              D6A      D6A        A      5CC       0
                text16                              D60      D60        A      5CC       0
                text15                              D4A      D4A        C      5CC       0
                text14                              CD6      CD6       20      5CC       0
                text13                              BD0      BD0       34      5CC       0
                text12                              CF6      CF6       1E      5CC       0
                text11                              798      798      104        4       0
                text10                              914      914       74        4       0
                text9                               456      456      1B4        4       0
                text8                               988      988       60        4       0
                text7                               B1A      B1A       42        4       0
                text6                               D56      D56        A      5CC       0
                text5                               A88      A88       50        4       0
                text4                               A38      A38       50        4       0
                text3                               9E8      9E8       50        4       0
                text2                               89C      89C       78        4       0
                text1                                AC       AC      3AA        4       0
                text0                               60A      60A      18E        4       0
                cstackCOMRAM                          1        1       2D        1       1
                cstackBANK0                          60       60       52       60       1
                bssBANK1                            100      100       A0      100       1
                dataBANK0                            B2       B2       3B       60       1
                bssCOMRAM                            2E       2E       1C        1       1
                cinit                               AD8      AD8       42        4       0
                idataBANK0                          B5C      B5C       3B        4       0

TOTAL           Name                               Link     Load   Length     Space
        CLASS   CODE           
                intcode                               8        8       A0         0
                init                                 A8       A8        4         0
                reset_vec                             0        0        4         0
                text27                              C04      C04       2C         0
                text26                              D14      D14       18         0
                text25                              C84      C84       2A         0
                text23                              D2C      D2C       10         0
                text22                              D3C      D3C        E         0
                text21                              C5A      C5A       2A         0
                text20                              B98      B98       38         0
                text19                              C30      C30       2A         0
                text18                              CAE      CAE       28         0
                text17                              D6A      D6A        A         0
                text16                              D60      D60        A         0
                text15                              D4A      D4A        C         0
                text14                              CD6      CD6       20         0
                text13                              BD0      BD0       34         0
                text12                              CF6      CF6       1E         0
                text11                              798      798      104         0
                text10                              914      914       74         0
                text9                               456      456      1B4         0
                text8                               988      988       60         0
                text7                               B1A      B1A       42         0
                text6                               D56      D56        A         0
                text5                               A88      A88       50         0
                text4                               A38      A38       50         0
                text3                               9E8      9E8       50         0
                text2                               89C      89C       78         0
                text1                                AC       AC      3AA         0
                text0                               60A      60A      18E         0
                cinit                               AD8      AD8       42         0
                idataBANK0                          B5C      B5C       3B         0

        CLASS   CONST          

        CLASS   SMALLCONST     

        CLASS   MEDIUMCONST    

        CLASS   COMRAM         
                temp                                 4A       4A        1         1
                cstackCOMRAM                          1        1       2D         1
                bssCOMRAM                            2E       2E       1C         1

        CLASS   ABS1           

        CLASS   BIGRAM         

        CLASS   RAM            

        CLASS   BANK0          
                cstackBANK0                          60       60       52         1
                dataBANK0                            B2       B2       3B         1

        CLASS   BANK1          
                bssBANK1                            100      100       A0         1

        CLASS   BANK2          

        CLASS   BANK3          

        CLASS   BANK4          

        CLASS   BANK5          

        CLASS   BANK6          

        CLASS   BANK7          

        CLASS   BANK8          

        CLASS   BANK9          

        CLASS   BANK10         

        CLASS   BANK11         

        CLASS   BANK12         

        CLASS   BANK13         

        CLASS   SFR            

        CLASS   BIGSFR         

        CLASS   CONFIG         
                config                           300000   300000        C         4

        CLASS   IDLOC          
                idloc                            200000   200000       10         5

        CLASS   EEDATA         

        CLASS   FARRAM         

        CLASS   HEAP           

        CLASS   STACK          



SEGMENTS        Name                           Load    Length   Top    Selector   Space  Class

                reset_vec                      000000  000004  000004         0       0  CODE    
                cstackCOMRAM                   000001  00004A  00004B         1       1  COMRAM  
                intcode                        000008  000B8F  000B97         4       0  CODE    
                cstackBANK0                    000060  00008D  0000ED        60       1  BANK0   
                bssBANK1                       000100  0000A0  0001A0       100       1  BANK1   
                text20                         000B98  0001DC  000D74       5CC       0  CODE    


UNUSED ADDRESS RANGES

        Name                Unused          Largest block    Delta
        BANK0            0000ED-0000FF               13
        BANK1            0001A0-0001FF               60
        BANK10           000A00-000AFF              100
        BANK11           000B00-000BFF              100
        BANK12           000C00-000CFF              100
        BANK13           000D00-000DE9               EA
        BANK2            000200-0002FF              100
        BANK3            000300-0003FF              100
        BANK4            000400-0004FF              100
        BANK5            000500-0005FF              100
        BANK6            000600-0006FF              100
        BANK7            000700-0007FF              100
        BANK8            000800-0008FF              100
        BANK9            000900-0009FF              100
        BIGRAM           00004B-00005F               15
                         0000ED-0000FF               13
                         0001A0-000DE9              C4A
        BIGSFR           000DEF-000FFF              211
        CODE             000004-000007                4
                         000B97-000B97                1
                         000D74-01FFFF            1F28C
        COMRAM           00004B-00005F               15
        CONST            000004-000007                4
                         000B97-000B97                1
                         000D74-01FFFF            1F28C
        EEDATA           310000-3103FF              400
        MEDIUMCONST      000E00-00FFFF             F200
                         010E00-01FFFF             F200
        RAM              0000ED-0000FF               13
                         0001A0-000DE9              100
        SFR              000DEF-000FFF              100
        SMALLCONST       000E00-01FFFF              100

                                  Symbol Table

?___lwdiv                      cstackCOMRAM 000007
?___xxtofl                     cstackCOMRAM 00000E
?_color_read_Blue              cstackCOMRAM 00000B
?_color_read_Green             cstackCOMRAM 00000B
?_color_read_Red               cstackCOMRAM 00000B
HighISR@reg                    cstackCOMRAM 000006
I2C_2_Master_Read@ack          cstackCOMRAM 000009
I2C_2_Master_Read@tmp          cstackCOMRAM 00000A
I2C_2_Master_Write@data_byte   cstackCOMRAM 000008
Light@colorcode                cstackCOMRAM 000007
TxBufferedString@string        cstackCOMRAM 000008
_ANSELDbits                    (abs)        000EA7
_BAUD4CONbits                  (abs)        000EE9
_EUSART4RXbuf                  bssCOMRAM    00002E
_EUSART4TXbuf                  bssBANK1     000100
_EUSART4VXbuf                  bssBANK1     000164
_HighISR                       intcode      000008
_I2C_2_Master_Idle             text18       000CAE
_I2C_2_Master_Init             text19       000C30
_I2C_2_Master_Read             text7        000B1A
_I2C_2_Master_RepStart         text6        000D56
_I2C_2_Master_Start            text17       000D6A
_I2C_2_Master_Stop             text16       000D60
_I2C_2_Master_Write            text15       000D4A
_INTCONbits                    (abs)        000FF2
_Interrupts_init               text23       000D2C
_LATAbits                      (abs)        000F79
_LATDbits                      (abs)        000F7C
_LATFbits                      (abs)        000F7E
_LATGbits                      (abs)        000F7F
_Light                         text8        000988
_LightInit                     text22       000D3C
_PIE0bits                      (abs)        000E29
_PIE4bits                      (abs)        000E2D
_PIR4bits                      (abs)        000E37
_RC0PPS                        (abs)        000E62
_RC4REG                        (abs)        000EE3
_RC4STAbits                    (abs)        000EE7
_RD5PPS                        (abs)        000E6F
_RD6PPS                        (abs)        000E70
_RX4PPS                        (abs)        000E15
_RxBufReadCnt                  bssCOMRAM    000046
_RxBufWriteCnt                 bssCOMRAM    000047
_SP4BRGH                       (abs)        000EE6
_SP4BRGL                       (abs)        000EE5
_SSP2ADD                       (abs)        000ED6
_SSP2BUF                       (abs)        000ED5
_SSP2CLKPPS                    (abs)        000E1C
_SSP2CON1bits                  (abs)        000ED9
_SSP2CON2                      (abs)        000EDA
_SSP2CON2bits                  (abs)        000EDA
_SSP2DATPPS                    (abs)        000E1D
_SSP2STAT                      (abs)        000ED8
_TRISAbits                     (abs)        000F81
_TRISDbits                     (abs)        000F84
_TRISFbits                     (abs)        000F86
_TRISGbits                     (abs)        000F87
_TX4REG                        (abs)        000EE4
_TX4STAbits                    (abs)        000EE8
_TxBufReadCnt                  bssCOMRAM    000044
_TxBufWriteCnt                 bssCOMRAM    000045
_TxBufferedString              text20       000B98
_VxBufReadCnt                  bssCOMRAM    000042
_VxBufWriteCnt                 bssCOMRAM    000043
__HRAM                         (abs)        000000
__Habs1                        abs1         000000
__Hbank0                       bank0        000000
__Hbank1                       bank1        000000
__Hbank10                      bank10       000000
__Hbank11                      bank11       000000
__Hbank12                      bank12       000000
__Hbank13                      bank13       000000
__Hbank2                       bank2        000000
__Hbank3                       bank3        000000
__Hbank4                       bank4        000000
__Hbank5                       bank5        000000
__Hbank6                       bank6        000000
__Hbank7                       bank7        000000
__Hbank8                       bank8        000000
__Hbank9                       bank9        000000
__Hbigbss                      bigbss       000000
__Hbigdata                     bigdata      000000
__Hbigram                      bigram       000000
__Hbigsfr                      bigsfr       000000
__Hbss                         bss          000000
__HbssBANK1                    bssBANK1     000000
__HbssCOMRAM                   bssCOMRAM    000000
__Hcinit                       cinit        000000
__Hclrtext                     clrtext      000000
__Hcomram                      comram       000000
__Hconfig                      config       30000C
__Hconst                       const        000000
__HcstackBANK0                 cstackBANK0  000000
__HcstackCOMRAM                cstackCOMRAM 000000
__Hdata                        data         000000
__HdataBANK0                   dataBANK0    000000
__Heeprom_data                 eeprom_data  000000
__Hfarbss                      farbss       000000
__Hfardata                     fardata      000000
__Hheap                        heap         000000
__Hibigdata                    ibigdata     000000
__Hidata                       idata        000000
__HidataBANK0                  idataBANK0   000000
__Hidloc                       idloc        200010
__Hifardata                    ifardata     000000
__Hinit                        init         0000AC
__Hintcode                     intcode      0000A8
__Hintcode_body                intcode_body 000000
__Hintcodelo                   intcodelo    0000A8
__Hintentry                    intentry     000000
__Hintret                      intret       000000
__Hintsave_regs                intsave_regs 000000
__Hirdata                      irdata       000000
__Hmediumconst                 mediumconst  000000
__HnvFARRAM                    nvFARRAM     000000
__Hnvbit                       nvbit        000000
__Hnvrram                      nvrram       000000
__Hparam                       rparam       000000
__Hpowerup                     powerup      0000A8
__Hram                         ram          000000
__Hramtop                      ramtop       000E00
__Hrbit                        rbit         000000
__Hrbss                        rbss         000000
__Hrdata                       rdata        000000
__Hreset_vec                   reset_vec    000004
__Hrparam                      rparam       000000
__Hsfr                         sfr          000000
__Hsmallconst                  smallconst   000000
__Hspace_0                     (abs)        000E00
__Hspace_1                     (abs)        0001A0
__Hspace_2                     (abs)        000000
__Hspace_4                     (abs)        60000C
__Hstack                       stack        000000
__Hstruct                      struct       000000
__Htemp                        temp         00004B
__Htext                        text         000000
__Htext0                       text0        000000
__Htext1                       text1        000000
__Htext10                      text10       000000
__Htext11                      text11       000000
__Htext12                      text12       000000
__Htext13                      text13       000000
__Htext14                      text14       000000
__Htext15                      text15       000000
__Htext16                      text16       000000
__Htext17                      text17       000000
__Htext18                      text18       000000
__Htext19                      text19       000000
__Htext2                       text2        000000
__Htext20                      text20       000000
__Htext21                      text21       000000
__Htext22                      text22       000000
__Htext23                      text23       000000
__Htext25                      text25       000000
__Htext26                      text26       000000
__Htext27                      text27       000000
__Htext3                       text3        000000
__Htext4                       text4        000000
__Htext5                       text5        000000
__Htext6                       text6        000000
__Htext7                       text7        000000
__Htext8                       text8        000000
__Htext9                       text9        000000
__LRAM                         (abs)        000001
__Labs1                        abs1         000000
__Lbank0                       bank0        000000
__Lbank1                       bank1        000000
__Lbank10                      bank10       000000
__Lbank11                      bank11       000000
__Lbank12                      bank12       000000
__Lbank13                      bank13       000000
__Lbank2                       bank2        000000
__Lbank3                       bank3        000000
__Lbank4                       bank4        000000
__Lbank5                       bank5        000000
__Lbank6                       bank6        000000
__Lbank7                       bank7        000000
__Lbank8                       bank8        000000
__Lbank9                       bank9        000000
__Lbigbss                      bigbss       000000
__Lbigdata                     bigdata      000000
__Lbigram                      bigram       000000
__Lbigsfr                      bigsfr       000000
__Lbss                         bss          000000
__LbssBANK1                    bssBANK1     000000
__LbssCOMRAM                   bssCOMRAM    000000
__Lcinit                       cinit        000000
__Lclrtext                     clrtext      000000
__Lcomram                      comram       000000
__Lconfig                      config       000000
__Lconst                       const        000000
__LcstackBANK0                 cstackBANK0  000000
__LcstackCOMRAM                cstackCOMRAM 000000
__Ldata                        data         000000
__LdataBANK0                   dataBANK0    000000
__Leeprom_data                 eeprom_data  000000
__Lfarbss                      farbss       000000
__Lfardata                     fardata      000000
__Lheap                        heap         000000
__Libigdata                    ibigdata     000000
__Lidata                       idata        000000
__LidataBANK0                  idataBANK0   000000
__Lidloc                       idloc        000000
__Lifardata                    ifardata     000000
__Linit                        init         0000A8
__Lintcode                     intcode      000008
__Lintcode_body                intcode_body 000000
__Lintcodelo                   intcodelo    0000A8
__Lintentry                    intentry     000000
__Lintret                      intret       000000
__Lintsave_regs                intsave_regs 000000
__Lirdata                      irdata       000000
__Lmediumconst                 mediumconst  000000
__LnvFARRAM                    nvFARRAM     000000
__Lnvbit                       nvbit        000000
__Lnvrram                      nvrram       000000
__Lparam                       rparam       000000
__Lpowerup                     powerup      0000A8
__Lram                         ram          000000
__Lramtop                      ramtop       000E00
__Lrbit                        rbit         000000
__Lrbss                        rbss         000000
__Lrdata                       rdata        000000
__Lreset_vec                   reset_vec    000000
__Lrparam                      rparam       000000
__Lsfr                         sfr          000000
__Lsmallconst                  smallconst   000000
__Lspace_0                     (abs)        000000
__Lspace_1                     (abs)        000000
__Lspace_2                     (abs)        000000
__Lspace_4                     (abs)        000000
__Lstack                       stack        000000
__Lstruct                      struct       000000
__Ltemp                        temp         00004A
__Ltext                        text         000000
__Ltext0                       text0        000000
__Ltext1                       text1        000000
__Ltext10                      text10       000000
__Ltext11                      text11       000000
__Ltext12                      text12       000000
__Ltext13                      text13       000000
__Ltext14                      text14       000000
__Ltext15                      text15       000000
__Ltext16                      text16       000000
__Ltext17                      text17       000000
__Ltext18                      text18       000000
__Ltext19                      text19       000000
__Ltext2                       text2        000000
__Ltext20                      text20       000000
__Ltext21                      text21       000000
__Ltext22                      text22       000000
__Ltext23                      text23       000000
__Ltext25                      text25       000000
__Ltext26                      text26       000000
__Ltext27                      text27       000000
__Ltext3                       text3        000000
__Ltext4                       text4        000000
__Ltext5                       text5        000000
__Ltext6                       text6        000000
__Ltext7                       text7        000000
__Ltext8                       text8        000000
__Ltext9                       text9        000000
__S0                           (abs)        000D74
__S1                           (abs)        0001A0
__S4                           (abs)        000000
__S5                           (abs)        000000
___flge                        text11       000798
___flge@ff1                    cstackCOMRAM 000007
___flge@ff2                    cstackCOMRAM 00000B
___heap_hi                     (abs)        000000
___heap_lo                     (abs)        000000
___inthi_sp                    stack        000000
___intlo_sp                    stack        000000
___lwdiv                       text10       000914
___lwdiv@counter               cstackCOMRAM 00000D
___lwdiv@dividend              cstackCOMRAM 000007
___lwdiv@divisor               cstackCOMRAM 000009
___lwdiv@quotient              cstackCOMRAM 00000B
___param_bank                  (abs)        000000
___rparam_used                 (abs)        000001
___sp                          stack        000000
___xxtofl                      text9        000456
___xxtofl@arg                  cstackCOMRAM 000018
___xxtofl@exp                  cstackCOMRAM 000017
___xxtofl@sign                 cstackCOMRAM 000016
___xxtofl@val                  cstackCOMRAM 00000E
__accesstop                    (abs)        000060
__activetblptr                 (abs)        000000
__end_of_HighISR               intcode      0000A8
__end_of_I2C_2_Master_Idle     text18       000CD6
__end_of_I2C_2_Master_Init     text19       000C5A
__end_of_I2C_2_Master_Read     text7        000B5C
__end_of_I2C_2_Master_RepStart text6        000D60
__end_of_I2C_2_Master_Start    text17       000D74
__end_of_I2C_2_Master_Stop     text16       000D6A
__end_of_I2C_2_Master_Write    text15       000D56
__end_of_Interrupts_init       text23       000D3C
__end_of_Light                 text8        0009E8
__end_of_LightInit             text22       000D4A
__end_of_TxBufferedString      text20       000BD0
__end_of___flge                text11       00089C
__end_of___lwdiv               text10       000988
__end_of___xxtofl              text9        00060A
__end_of__initialization       cinit        000B10
__end_of_color_click_init      text13       000C04
__end_of_color_read_Blue       text5        000AD8
__end_of_color_read_Green      text4        000A88
__end_of_color_read_Red        text3        000A38
__end_of_color_writetoaddr     text14       000CF6
__end_of_getCharFromTxBuf      text27       000C30
__end_of_initUSART4            text12       000D14
__end_of_isDataInTxBuf         text26       000D2C
__end_of_levels                text2        000914
__end_of_main                  text0        000798
__end_of_putCharToRxBuf        text25       000CAE
__end_of_putCharToTxBuf        text21       000C84
__end_of_readcard              text1        000456
__initialization               cinit        000AD8
__mediumconst                  mediumconst  000000
__pbssBANK1                    bssBANK1     000100
__pbssCOMRAM                   bssCOMRAM    00002E
__pcinit                       cinit        000AD8
__pcstackBANK0                 cstackBANK0  000060
__pcstackCOMRAM                cstackCOMRAM 000001
__pdataBANK0                   dataBANK0    0000B2
__pidataBANK0                  idataBANK0   000B5C
__pintcode                     intcode      000008
__ptext0                       text0        00060A
__ptext1                       text1        0000AC
__ptext10                      text10       000914
__ptext11                      text11       000798
__ptext12                      text12       000CF6
__ptext13                      text13       000BD0
__ptext14                      text14       000CD6
__ptext15                      text15       000D4A
__ptext16                      text16       000D60
__ptext17                      text17       000D6A
__ptext18                      text18       000CAE
__ptext19                      text19       000C30
__ptext2                       text2        00089C
__ptext20                      text20       000B98
__ptext21                      text21       000C5A
__ptext22                      text22       000D3C
__ptext23                      text23       000D2C
__ptext25                      text25       000C84
__ptext26                      text26       000D14
__ptext27                      text27       000C04
__ptext3                       text3        0009E8
__ptext4                       text4        000A38
__ptext5                       text5        000A88
__ptext6                       text6        000D56
__ptext7                       text7        000B1A
__ptext8                       text8        000988
__ptext9                       text9        000456
__ramtop                       ramtop       000E00
__smallconst                   smallconst   000000
_charFLAG                      bssCOMRAM    000049
_color_click_init              text13       000BD0
_color_read_Blue               text5        000A88
_color_read_Green              text4        000A38
_color_read_Red                text3        0009E8
_color_writetoaddr             text14       000CD6
_getCharFromTxBuf              text27       000C04
_initUSART4                    text12       000CF6
_isDataInTxBuf                 text26       000D14
_levels                        text2        00089C
_main                          text0        00060A
_putCharToRxBuf                text25       000C84
_putCharToTxBuf                text21       000C5A
_readcard                      text1        0000AC
_sendFLAG                      bssCOMRAM    000048
btemp                          temp         00004A
color_read_Blue@tmp            cstackCOMRAM 000010
color_read_Green@tmp           cstackCOMRAM 000010
color_read_Red@tmp             cstackCOMRAM 000010
color_writetoaddr@address      cstackCOMRAM 00000A
color_writetoaddr@value        cstackCOMRAM 000009
end_of_initialization          cinit        000B10
int$flags                      temp         00004A
intlevel0                      text         000000
intlevel1                      text         000000
intlevel2                      text         000000
intlevel3                      text         000000
isa$std                        (abs)        000001
isa$xinst                      (abs)        000000
levels@colorL                  cstackCOMRAM 000014
levels@i                       cstackCOMRAM 000012
main@F14593                    dataBANK0    0000D5
main@F14595                    dataBANK0    0000E8
main@F14597                    dataBANK0    0000E2
main@F14599                    dataBANK0    0000CE
main@F14601                    dataBANK0    0000DC
main@F14603                    dataBANK0    0000C6
main@F14605                    dataBANK0    0000BE
main@F14607                    dataBANK0    0000B2
main@buf                       cstackBANK0  00008A
main@buf_101                   cstackBANK0  000074
main@buf_103                   cstackBANK0  000060
main@buf_89                    cstackBANK0  00007C
main@buf_91                    cstackBANK0  0000A5
main@buf_93                    cstackBANK0  000099
main@buf_95                    cstackBANK0  000083
main@buf_97                    cstackBANK0  00009F
main@buf_99                    cstackBANK0  00006C
main@color                     cstackBANK0  0000B1
main@colorL                    cstackBANK0  0000AB
main@j                         cstackBANK0  0000AA
putCharToRxBuf@byte            cstackCOMRAM 000001
putCharToTxBuf@byte            cstackCOMRAM 000007
readcard@colorL                cstackCOMRAM 00001C
readcard@ratio1                cstackCOMRAM 000024
readcard@ratio2                cstackCOMRAM 000028
readcard@ratio3                cstackCOMRAM 000020
stackhi                        (abs)        000000
stacklo                        (abs)        000000
start                          init         0000A8
start_initialization           cinit        000AD8
ttemp5                         temp         00004B
ttemp6                         temp         00004E
ttemp7                         temp         000052
wtemp8                         temp         00004B


MODULE INFORMATION

Module		Function		Class		Link	Load	Size
serial.c
		_putCharToRxBuf		CODE           	0C84	0000	42
		_putCharToTxBuf		CODE           	0C5A	0000	42
		_isDataInTxBuf 		CODE           	0D14	0000	24
		_TxBufferedString		CODE           	0B98	0000	56
		_getCharFromTxBuf		CODE           	0C04	0000	44
		_initUSART4    		CODE           	0CF6	0000	30

serial.c estimated size: 238

lights.c
		_LightInit     		CODE           	0D3C	0000	14
		_Light         		CODE           	0988	0000	96

lights.c estimated size: 110

card.c
		_readcard      		CODE           	00AC	0000	938
		_levels        		CODE           	089C	0000	120

card.c estimated size: 1058

C:\Program Files\Microchip\xc8\v2.40\pic\sources\c99\common\lwdiv.c
		___lwdiv       		CODE           	0914	0000	116

C:\Program Files\Microchip\xc8\v2.40\pic\sources\c99\common\lwdiv.c estimated size: 116

color.c
		_color_writetoaddr		CODE           	0CD6	0000	32
		_color_click_init		CODE           	0BD0	0000	52
		_color_read_Green		CODE           	0A38	0000	80
		_color_read_Red		CODE           	09E8	0000	80
		_color_read_Blue		CODE           	0A88	0000	80

color.c estimated size: 324

interrupts.c
		_Interrupts_init		CODE           	0D2C	0000	16
		_HighISR       		CODE           	0008	0000	160

interrupts.c estimated size: 176

i2c.c
		_I2C_2_Master_Start		CODE           	0D6A	0000	10
		_I2C_2_Master_Read		CODE           	0B1A	0000	66
		_I2C_2_Master_Idle		CODE           	0CAE	0000	40
		_I2C_2_Master_Init		CODE           	0C30	0000	42
		_I2C_2_Master_Stop		CODE           	0D60	0000	10
		_I2C_2_Master_RepStart		CODE           	0D56	0000	10
		_I2C_2_Master_Write		CODE           	0D4A	0000	12

i2c.c estimated size: 190

C:\Program Files\Microchip\xc8\v2.40\pic\sources\c99\common\xxtofl.c
		___xxtofl      		CODE           	0456	0000	436

C:\Program Files\Microchip\xc8\v2.40\pic\sources\c99\common\xxtofl.c estimated size: 436

shared
		__initialization		CODE           	0AD8	0000	56

shared estimated size: 56

C:\Program Files\Microchip\xc8\v2.40\pic\sources\c99\common\flge.c
		___flge        		CODE           	0798	0000	260

C:\Program Files\Microchip\xc8\v2.40\pic\sources\c99\common\flge.c estimated size: 260

main.c
		_main          		CODE           	060A	0000	398

main.c estimated size: 398

