Microchip MPLAB XC8 Compiler V2.40

Linker command line:

-W-3 \
  --edf=C:\Program Files\Microchip\xc8\v2.40\pic\dat\20220703182018_en.msgs \
  -cn -h+dist/default/production\colortest.X.production.sym \
  --cmf=dist/default/production\colortest.X.production.cmf -z -Q18F67K40 \
  -oC:\Users\linab\AppData\Local\Temp\xcAsb10.4 --defsym=__MPLAB_BUILD=1 \
  --fixupoverflow=error \
  -Mdist/default/production/colortest.X.production.map \
  --md=C:\Users\linab\AppData\Local\Temp\xcAsb10.dat -E1 -ver=XC8 Compiler \
  --acfsm=1493 -ACODE=00h-01FFFFh -ACONST=00h-01FFFFh \
  -ASMALLCONST=0E00h-0EFFhx498 -AMEDIUMCONST=0E00h-0FFFFh,010E00h-01FFFFh \
  -ACOMRAM=01h-05Fh -AABS1=00h-0DE9h -ABIGRAM=01h-0DE9h \
  -ARAM=060h-0FFh,0100h-01FFhx12,0D00h-0DE9h -ABANK0=060h-0FFh \
  -ABANK1=0100h-01FFh -ABANK2=0200h-02FFh -ABANK3=0300h-03FFh \
  -ABANK4=0400h-04FFh -ABANK5=0500h-05FFh -ABANK6=0600h-06FFh \
  -ABANK7=0700h-07FFh -ABANK8=0800h-08FFh -ABANK9=0900h-09FFh \
  -ABANK10=0A00h-0AFFh -ABANK11=0B00h-0BFFh -ABANK12=0C00h-0CFFh \
  -ABANK13=0D00h-0DE9h \
  -ASFR=0DEFh-0DFFh,0E00h-0EFFh,0F00h-0F5Fh,0F60h-0FFFh \
  -ABIGSFR=0DEFh-0FFFh -ACONFIG=0300000h-030000Bh -AIDLOC=0200000h-020000Fh \
  -AEEDATA=0310000h-03103FFh -peeprom_data=EEDATA \
  -preset_vec=00h,intcode=08h,intcodelo,powerup,init -pramtop=0E00h \
  -psmallconst=SMALLCONST -pmediumconst=MEDIUMCONST -pconst=CONST \
  -AFARRAM=00h-00h \
  -prdata=COMRAM,nvrram=COMRAM,nvbit=COMRAM,rbss=COMRAM,rbit=COMRAM \
  -pfarbss=FARRAM,fardata=FARRAM,nvFARRAM=FARRAM \
  -pintsave_regs=BIGRAM,bigbss=BIGRAM,bigdata=BIGRAM -pbss=RAM \
  -pidata=CODE,irdata=CODE,ibigdata=CODE,ifardata=CODE -prparam=COMRAM \
  C:\Users\linab\AppData\Local\Temp\xcAsb10.o \
  dist/default/production\colortest.X.production.o 

Object code version is 3.11

Machine type is 18F67K40



                Name                               Link     Load   Length Selector   Space Scale
C:\Users\linab\AppData\Local\Temp\xcAsb10.o
                idloc                            200000   200000       10        0       5
                config                           300000   300000        C        0       4
                init                                 9A       9A        4        4       0
                reset_vec                             0        0        4        0       0
dist/default/production\colortest.X.production.o
                intcode                               8        8       92        4       0
                idloc                            200000   200000       10        0       5
                config                           300000   300000        C        0       4
                temp                                 57       57        1        1       1
                text27                              B4E      B4E       2C        4       0
                text26                              C5E      C5E       18        4       0
                text25                              BCE      BCE       2A        4       0
                text23                              C76      C76       10        4       0
                text22                              C86      C86        E        4       0
                text21                              BA4      BA4       2A        4       0
                text20                              AE2      AE2       38        4       0
                text19                              B7A      B7A       2A        4       0
                text18                              BF8      BF8       28        4       0
                text17                              CB4      CB4        A        4       0
                text16                              CAA      CAA        A        4       0
                text15                              C94      C94        C        4       0
                text14                              C20      C20       20        4       0
                text13                              B1A      B1A       34        4       0
                text12                              C40      C40       1E        4       0
                text11                              720      720      104        4       0
                text10                              89C      89C       74        4       0
                text9                               448      448      1B4        4       0
                text8                               910      910       60        4       0
                text7                               A60      A60       42        4       0
                text6                               CA0      CA0        A        4       0
                text5                               A10      A10       50        4       0
                text4                               9C0      9C0       50        4       0
                text3                               970      970       50        4       0
                text2                               824      824       78        4       0
                text1                                9E       9E      3AA        4       0
                text0                               5FC      5FC      124        4       0
                cstackCOMRAM                          1        1       37        1       1
                bssBANK0                             60       60       A0       60       1
                dataCOMRAM                           54       54        3        1       1
                bssCOMRAM                            38       38       1C        1       1
                cinit                               AA2      AA2       40        4       0
                idataCOMRAM                         CBE      CBE        3        4       0

TOTAL           Name                               Link     Load   Length     Space
        CLASS   CODE           
                intcode                               8        8       92         0
                init                                 9A       9A        4         0
                reset_vec                             0        0        4         0
                text27                              B4E      B4E       2C         0
                text26                              C5E      C5E       18         0
                text25                              BCE      BCE       2A         0
                text23                              C76      C76       10         0
                text22                              C86      C86        E         0
                text21                              BA4      BA4       2A         0
                text20                              AE2      AE2       38         0
                text19                              B7A      B7A       2A         0
                text18                              BF8      BF8       28         0
                text17                              CB4      CB4        A         0
                text16                              CAA      CAA        A         0
                text15                              C94      C94        C         0
                text14                              C20      C20       20         0
                text13                              B1A      B1A       34         0
                text12                              C40      C40       1E         0
                text11                              720      720      104         0
                text10                              89C      89C       74         0
                text9                               448      448      1B4         0
                text8                               910      910       60         0
                text7                               A60      A60       42         0
                text6                               CA0      CA0        A         0
                text5                               A10      A10       50         0
                text4                               9C0      9C0       50         0
                text3                               970      970       50         0
                text2                               824      824       78         0
                text1                                9E       9E      3AA         0
                text0                               5FC      5FC      124         0
                cinit                               AA2      AA2       40         0
                idataCOMRAM                         CBE      CBE        3         0

        CLASS   CONST          

        CLASS   SMALLCONST     

        CLASS   MEDIUMCONST    

        CLASS   COMRAM         
                temp                                 57       57        1         1
                cstackCOMRAM                          1        1       37         1
                dataCOMRAM                           54       54        3         1
                bssCOMRAM                            38       38       1C         1

        CLASS   ABS1           

        CLASS   BIGRAM         

        CLASS   RAM            

        CLASS   BANK0          
                bssBANK0                             60       60       A0         1

        CLASS   BANK1          

        CLASS   BANK2          

        CLASS   BANK3          

        CLASS   BANK4          

        CLASS   BANK5          

        CLASS   BANK6          

        CLASS   BANK7          

        CLASS   BANK8          

        CLASS   BANK9          

        CLASS   BANK10         

        CLASS   BANK11         

        CLASS   BANK12         

        CLASS   BANK13         

        CLASS   SFR            

        CLASS   BIGSFR         

        CLASS   CONFIG         
                config                           300000   300000        C         4

        CLASS   IDLOC          
                idloc                            200000   200000       10         5

        CLASS   EEDATA         

        CLASS   FARRAM         

        CLASS   HEAP           

        CLASS   STACK          



SEGMENTS        Name                           Load    Length   Top    Selector   Space  Class

                reset_vec                      000000  000004  000004         0       0  CODE    
                cstackCOMRAM                   000001  000057  000058         1       1  COMRAM  
                intcode                        000008  000CB9  000CC1         4       0  CODE    
                bssBANK0                       000060  0000A0  000100        60       1  BANK0   


UNUSED ADDRESS RANGES

        Name                Unused          Largest block    Delta
        BANK1            000100-0001FF              100
        BANK10           000A00-000AFF              100
        BANK11           000B00-000BFF              100
        BANK12           000C00-000CFF              100
        BANK13           000D00-000DE9               EA
        BANK2            000200-0002FF              100
        BANK3            000300-0003FF              100
        BANK4            000400-0004FF              100
        BANK5            000500-0005FF              100
        BANK6            000600-0006FF              100
        BANK7            000700-0007FF              100
        BANK8            000800-0008FF              100
        BANK9            000900-0009FF              100
        BIGRAM           000058-00005F                8
                         000100-000DE9              CEA
        BIGSFR           000DEF-000FFF              211
        CODE             000004-000007                4
                         000CC1-01FFFF            1F33F
        COMRAM           000058-00005F                8
        CONST            000004-000007                4
                         000CC1-01FFFF            1F33F
        EEDATA           310000-3103FF              400
        MEDIUMCONST      000E00-00FFFF             F200
                         010E00-01FFFF             F200
        RAM              000100-000DE9              100
        SFR              000DEF-000FFF              100
        SMALLCONST       000E00-01FFFF              100

                                  Symbol Table

?___lwdiv                      cstackCOMRAM 000006
?___xxtofl                     cstackCOMRAM 00000D
?_color_read_Blue              cstackCOMRAM 00000A
?_color_read_Green             cstackCOMRAM 00000A
?_color_read_Red               cstackCOMRAM 00000A
HighISR@reg                    cstackCOMRAM 000005
I2C_2_Master_Read@ack          cstackCOMRAM 000008
I2C_2_Master_Read@tmp          cstackCOMRAM 000009
I2C_2_Master_Write@data_byte   cstackCOMRAM 000007
Light@colorcode                cstackCOMRAM 000006
TxBufferedString@string        cstackCOMRAM 000007
_ANSELDbits                    (abs)        000EA7
_BAUD4CONbits                  (abs)        000EE9
_EUSART4RXbuf                  bssCOMRAM    000038
_EUSART4TXbuf                  bssBANK0     000060
_EUSART4VXbuf                  bssBANK0     0000C4
_HighISR                       intcode      000008
_I2C_2_Master_Idle             text18       000BF8
_I2C_2_Master_Init             text19       000B7A
_I2C_2_Master_Read             text7        000A60
_I2C_2_Master_RepStart         text6        000CA0
_I2C_2_Master_Start            text17       000CB4
_I2C_2_Master_Stop             text16       000CAA
_I2C_2_Master_Write            text15       000C94
_INTCONbits                    (abs)        000FF2
_Interrupts_init               text23       000C76
_LATAbits                      (abs)        000F79
_LATFbits                      (abs)        000F7E
_LATGbits                      (abs)        000F7F
_Light                         text8        000910
_LightInit                     text22       000C86
_PIE0bits                      (abs)        000E29
_PIE4bits                      (abs)        000E2D
_PIR4bits                      (abs)        000E37
_RC0PPS                        (abs)        000E62
_RC4REG                        (abs)        000EE3
_RC4STAbits                    (abs)        000EE7
_RD5PPS                        (abs)        000E6F
_RD6PPS                        (abs)        000E70
_RX4PPS                        (abs)        000E15
_RxBufReadCnt                  bssCOMRAM    000050
_RxBufWriteCnt                 bssCOMRAM    000051
_SP4BRGH                       (abs)        000EE6
_SP4BRGL                       (abs)        000EE5
_SSP2ADD                       (abs)        000ED6
_SSP2BUF                       (abs)        000ED5
_SSP2CLKPPS                    (abs)        000E1C
_SSP2CON1bits                  (abs)        000ED9
_SSP2CON2                      (abs)        000EDA
_SSP2CON2bits                  (abs)        000EDA
_SSP2DATPPS                    (abs)        000E1D
_SSP2STAT                      (abs)        000ED8
_TRISAbits                     (abs)        000F81
_TRISDbits                     (abs)        000F84
_TRISFbits                     (abs)        000F86
_TRISGbits                     (abs)        000F87
_TX4REG                        (abs)        000EE4
_TX4STAbits                    (abs)        000EE8
_TxBufReadCnt                  bssCOMRAM    00004E
_TxBufWriteCnt                 bssCOMRAM    00004F
_TxBufferedString              text20       000AE2
_VxBufReadCnt                  bssCOMRAM    00004C
_VxBufWriteCnt                 bssCOMRAM    00004D
__HRAM                         (abs)        000000
__Habs1                        abs1         000000
__Hbank0                       bank0        000000
__Hbank1                       bank1        000000
__Hbank10                      bank10       000000
__Hbank11                      bank11       000000
__Hbank12                      bank12       000000
__Hbank13                      bank13       000000
__Hbank2                       bank2        000000
__Hbank3                       bank3        000000
__Hbank4                       bank4        000000
__Hbank5                       bank5        000000
__Hbank6                       bank6        000000
__Hbank7                       bank7        000000
__Hbank8                       bank8        000000
__Hbank9                       bank9        000000
__Hbigbss                      bigbss       000000
__Hbigdata                     bigdata      000000
__Hbigram                      bigram       000000
__Hbigsfr                      bigsfr       000000
__Hbss                         bss          000000
__HbssBANK0                    bssBANK0     000000
__HbssCOMRAM                   bssCOMRAM    000000
__Hcinit                       cinit        000000
__Hclrtext                     clrtext      000000
__Hcomram                      comram       000000
__Hconfig                      config       30000C
__Hconst                       const        000000
__HcstackCOMRAM                cstackCOMRAM 000000
__Hdata                        data         000000
__HdataCOMRAM                  dataCOMRAM   000000
__Heeprom_data                 eeprom_data  000000
__Hfarbss                      farbss       000000
__Hfardata                     fardata      000000
__Hheap                        heap         000000
__Hibigdata                    ibigdata     000000
__Hidata                       idata        000000
__HidataCOMRAM                 idataCOMRAM  000000
__Hidloc                       idloc        200010
__Hifardata                    ifardata     000000
__Hinit                        init         00009E
__Hintcode                     intcode      00009A
__Hintcode_body                intcode_body 000000
__Hintcodelo                   intcodelo    00009A
__Hintentry                    intentry     000000
__Hintret                      intret       000000
__Hintsave_regs                intsave_regs 000000
__Hirdata                      irdata       000000
__Hmediumconst                 mediumconst  000000
__HnvFARRAM                    nvFARRAM     000000
__Hnvbit                       nvbit        000000
__Hnvrram                      nvrram       000000
__Hparam                       rparam       000000
__Hpowerup                     powerup      00009A
__Hram                         ram          000000
__Hramtop                      ramtop       000E00
__Hrbit                        rbit         000000
__Hrbss                        rbss         000000
__Hrdata                       rdata        000000
__Hreset_vec                   reset_vec    000004
__Hrparam                      rparam       000000
__Hsfr                         sfr          000000
__Hsmallconst                  smallconst   000000
__Hspace_0                     (abs)        000E00
__Hspace_1                     (abs)        000100
__Hspace_2                     (abs)        000000
__Hspace_4                     (abs)        60000C
__Hstack                       stack        000000
__Hstruct                      struct       000000
__Htemp                        temp         000058
__Htext                        text         000000
__Htext0                       text0        000000
__Htext1                       text1        000000
__Htext10                      text10       000000
__Htext11                      text11       000000
__Htext12                      text12       000000
__Htext13                      text13       000000
__Htext14                      text14       000000
__Htext15                      text15       000000
__Htext16                      text16       000000
__Htext17                      text17       000000
__Htext18                      text18       000000
__Htext19                      text19       000000
__Htext2                       text2        000000
__Htext20                      text20       000000
__Htext21                      text21       000000
__Htext22                      text22       000000
__Htext23                      text23       000000
__Htext25                      text25       000000
__Htext26                      text26       000000
__Htext27                      text27       000000
__Htext3                       text3        000000
__Htext4                       text4        000000
__Htext5                       text5        000000
__Htext6                       text6        000000
__Htext7                       text7        000000
__Htext8                       text8        000000
__Htext9                       text9        000000
__LRAM                         (abs)        000001
__Labs1                        abs1         000000
__Lbank0                       bank0        000000
__Lbank1                       bank1        000000
__Lbank10                      bank10       000000
__Lbank11                      bank11       000000
__Lbank12                      bank12       000000
__Lbank13                      bank13       000000
__Lbank2                       bank2        000000
__Lbank3                       bank3        000000
__Lbank4                       bank4        000000
__Lbank5                       bank5        000000
__Lbank6                       bank6        000000
__Lbank7                       bank7        000000
__Lbank8                       bank8        000000
__Lbank9                       bank9        000000
__Lbigbss                      bigbss       000000
__Lbigdata                     bigdata      000000
__Lbigram                      bigram       000000
__Lbigsfr                      bigsfr       000000
__Lbss                         bss          000000
__LbssBANK0                    bssBANK0     000000
__LbssCOMRAM                   bssCOMRAM    000000
__Lcinit                       cinit        000000
__Lclrtext                     clrtext      000000
__Lcomram                      comram       000000
__Lconfig                      config       000000
__Lconst                       const        000000
__LcstackCOMRAM                cstackCOMRAM 000000
__Ldata                        data         000000
__LdataCOMRAM                  dataCOMRAM   000000
__Leeprom_data                 eeprom_data  000000
__Lfarbss                      farbss       000000
__Lfardata                     fardata      000000
__Lheap                        heap         000000
__Libigdata                    ibigdata     000000
__Lidata                       idata        000000
__LidataCOMRAM                 idataCOMRAM  000000
__Lidloc                       idloc        000000
__Lifardata                    ifardata     000000
__Linit                        init         00009A
__Lintcode                     intcode      000008
__Lintcode_body                intcode_body 000000
__Lintcodelo                   intcodelo    00009A
__Lintentry                    intentry     000000
__Lintret                      intret       000000
__Lintsave_regs                intsave_regs 000000
__Lirdata                      irdata       000000
__Lmediumconst                 mediumconst  000000
__LnvFARRAM                    nvFARRAM     000000
__Lnvbit                       nvbit        000000
__Lnvrram                      nvrram       000000
__Lparam                       rparam       000000
__Lpowerup                     powerup      00009A
__Lram                         ram          000000
__Lramtop                      ramtop       000E00
__Lrbit                        rbit         000000
__Lrbss                        rbss         000000
__Lrdata                       rdata        000000
__Lreset_vec                   reset_vec    000000
__Lrparam                      rparam       000000
__Lsfr                         sfr          000000
__Lsmallconst                  smallconst   000000
__Lspace_0                     (abs)        000000
__Lspace_1                     (abs)        000000
__Lspace_2                     (abs)        000000
__Lspace_4                     (abs)        000000
__Lstack                       stack        000000
__Lstruct                      struct       000000
__Ltemp                        temp         000057
__Ltext                        text         000000
__Ltext0                       text0        000000
__Ltext1                       text1        000000
__Ltext10                      text10       000000
__Ltext11                      text11       000000
__Ltext12                      text12       000000
__Ltext13                      text13       000000
__Ltext14                      text14       000000
__Ltext15                      text15       000000
__Ltext16                      text16       000000
__Ltext17                      text17       000000
__Ltext18                      text18       000000
__Ltext19                      text19       000000
__Ltext2                       text2        000000
__Ltext20                      text20       000000
__Ltext21                      text21       000000
__Ltext22                      text22       000000
__Ltext23                      text23       000000
__Ltext25                      text25       000000
__Ltext26                      text26       000000
__Ltext27                      text27       000000
__Ltext3                       text3        000000
__Ltext4                       text4        000000
__Ltext5                       text5        000000
__Ltext6                       text6        000000
__Ltext7                       text7        000000
__Ltext8                       text8        000000
__Ltext9                       text9        000000
__S0                           (abs)        000CC1
__S1                           (abs)        000100
__S4                           (abs)        000000
__S5                           (abs)        000000
___flge                        text11       000720
___flge@ff1                    cstackCOMRAM 000006
___flge@ff2                    cstackCOMRAM 00000A
___heap_hi                     (abs)        000000
___heap_lo                     (abs)        000000
___inthi_sp                    stack        000000
___intlo_sp                    stack        000000
___lwdiv                       text10       00089C
___lwdiv@counter               cstackCOMRAM 00000C
___lwdiv@dividend              cstackCOMRAM 000006
___lwdiv@divisor               cstackCOMRAM 000008
___lwdiv@quotient              cstackCOMRAM 00000A
___param_bank                  (abs)        000000
___rparam_used                 (abs)        000001
___sp                          stack        000000
___xxtofl                      text9        000448
___xxtofl@arg                  cstackCOMRAM 000017
___xxtofl@exp                  cstackCOMRAM 000016
___xxtofl@sign                 cstackCOMRAM 000015
___xxtofl@val                  cstackCOMRAM 00000D
__accesstop                    (abs)        000060
__activetblptr                 (abs)        000000
__end_of_HighISR               intcode      00009A
__end_of_I2C_2_Master_Idle     text18       000C20
__end_of_I2C_2_Master_Init     text19       000BA4
__end_of_I2C_2_Master_Read     text7        000AA2
__end_of_I2C_2_Master_RepStart text6        000CAA
__end_of_I2C_2_Master_Start    text17       000CBE
__end_of_I2C_2_Master_Stop     text16       000CB4
__end_of_I2C_2_Master_Write    text15       000CA0
__end_of_Interrupts_init       text23       000C86
__end_of_Light                 text8        000970
__end_of_LightInit             text22       000C94
__end_of_TxBufferedString      text20       000B1A
__end_of___flge                text11       000824
__end_of___lwdiv               text10       000910
__end_of___xxtofl              text9        0005FC
__end_of__initialization       cinit        000AD8
__end_of_color_click_init      text13       000B4E
__end_of_color_read_Blue       text5        000A60
__end_of_color_read_Green      text4        000A10
__end_of_color_read_Red        text3        0009C0
__end_of_color_writetoaddr     text14       000C40
__end_of_getCharFromTxBuf      text27       000B7A
__end_of_initUSART4            text12       000C5E
__end_of_isDataInTxBuf         text26       000C76
__end_of_levels                text2        00089C
__end_of_main                  text0        000720
__end_of_putCharToRxBuf        text25       000BF8
__end_of_putCharToTxBuf        text21       000BCE
__end_of_readcard              text1        000448
__initialization               cinit        000AA2
__mediumconst                  mediumconst  000000
__pbssBANK0                    bssBANK0     000060
__pbssCOMRAM                   bssCOMRAM    000038
__pcinit                       cinit        000AA2
__pcstackCOMRAM                cstackCOMRAM 000001
__pdataCOMRAM                  dataCOMRAM   000054
__pidataCOMRAM                 idataCOMRAM  000CBE
__pintcode                     intcode      000008
__ptext0                       text0        0005FC
__ptext1                       text1        00009E
__ptext10                      text10       00089C
__ptext11                      text11       000720
__ptext12                      text12       000C40
__ptext13                      text13       000B1A
__ptext14                      text14       000C20
__ptext15                      text15       000C94
__ptext16                      text16       000CAA
__ptext17                      text17       000CB4
__ptext18                      text18       000BF8
__ptext19                      text19       000B7A
__ptext2                       text2        000824
__ptext20                      text20       000AE2
__ptext21                      text21       000BA4
__ptext22                      text22       000C86
__ptext23                      text23       000C76
__ptext25                      text25       000BCE
__ptext26                      text26       000C5E
__ptext27                      text27       000B4E
__ptext3                       text3        000970
__ptext4                       text4        0009C0
__ptext5                       text5        000A10
__ptext6                       text6        000CA0
__ptext7                       text7        000A60
__ptext8                       text8        000910
__ptext9                       text9        000448
__ramtop                       ramtop       000E00
__smallconst                   smallconst   000000
_charFLAG                      bssCOMRAM    000053
_color_click_init              text13       000B1A
_color_read_Blue               text5        000A10
_color_read_Green              text4        0009C0
_color_read_Red                text3        000970
_color_writetoaddr             text14       000C20
_getCharFromTxBuf              text27       000B4E
_initUSART4                    text12       000C40
_isDataInTxBuf                 text26       000C5E
_levels                        text2        000824
_main                          text0        0005FC
_putCharToRxBuf                text25       000BCE
_putCharToTxBuf                text21       000BA4
_readcard                      text1        00009E
_sendFLAG                      bssCOMRAM    000052
btemp                          temp         000057
color_read_Blue@tmp            cstackCOMRAM 00000F
color_read_Green@tmp           cstackCOMRAM 00000F
color_read_Red@tmp             cstackCOMRAM 00000F
color_writetoaddr@address      cstackCOMRAM 000009
color_writetoaddr@value        cstackCOMRAM 000008
end_of_initialization          cinit        000AD8
int$flags                      temp         000057
intlevel0                      text         000000
intlevel1                      text         000000
intlevel2                      text         000000
intlevel3                      text         000000
isa$std                        (abs)        000001
isa$xinst                      (abs)        000000
levels@colorL                  cstackCOMRAM 000013
levels@i                       cstackCOMRAM 000011
main@F14591                    dataCOMRAM   000054
main@buf                       cstackCOMRAM 00002D
main@color                     cstackCOMRAM 000037
main@colorL                    cstackCOMRAM 000031
main@j                         cstackCOMRAM 000030
putCharToRxBuf@byte            cstackCOMRAM 000001
putCharToTxBuf@byte            cstackCOMRAM 000006
readcard@colorL                cstackCOMRAM 00001B
readcard@ratio1                cstackCOMRAM 000023
readcard@ratio2                cstackCOMRAM 000027
readcard@ratio3                cstackCOMRAM 00001F
stackhi                        (abs)        000000
stacklo                        (abs)        000000
start                          init         00009A
start_initialization           cinit        000AA2
ttemp5                         temp         000058
ttemp6                         temp         00005B
ttemp7                         temp         00005F
wtemp8                         temp         000058


MODULE INFORMATION

Module		Function		Class		Link	Load	Size
serial.c
		_putCharToRxBuf		CODE           	0BCE	0000	42
		_putCharToTxBuf		CODE           	0BA4	0000	42
		_isDataInTxBuf 		CODE           	0C5E	0000	24
		_TxBufferedString		CODE           	0AE2	0000	56
		_getCharFromTxBuf		CODE           	0B4E	0000	44
		_initUSART4    		CODE           	0C40	0000	30

serial.c estimated size: 238

lights.c
		_LightInit     		CODE           	0C86	0000	14
		_Light         		CODE           	0910	0000	96

lights.c estimated size: 110

card.c
		_readcard      		CODE           	009E	0000	938
		_levels        		CODE           	0824	0000	120

card.c estimated size: 1058

C:\Program Files\Microchip\xc8\v2.40\pic\sources\c99\common\lwdiv.c
		___lwdiv       		CODE           	089C	0000	116

C:\Program Files\Microchip\xc8\v2.40\pic\sources\c99\common\lwdiv.c estimated size: 116

color.c
		_color_writetoaddr		CODE           	0C20	0000	32
		_color_click_init		CODE           	0B1A	0000	52
		_color_read_Green		CODE           	09C0	0000	80
		_color_read_Red		CODE           	0970	0000	80
		_color_read_Blue		CODE           	0A10	0000	80

color.c estimated size: 324

interrupts.c
		_Interrupts_init		CODE           	0C76	0000	16
		_HighISR       		CODE           	0008	0000	146

interrupts.c estimated size: 162

i2c.c
		_I2C_2_Master_Start		CODE           	0CB4	0000	10
		_I2C_2_Master_Read		CODE           	0A60	0000	66
		_I2C_2_Master_Idle		CODE           	0BF8	0000	40
		_I2C_2_Master_Init		CODE           	0B7A	0000	42
		_I2C_2_Master_Stop		CODE           	0CAA	0000	10
		_I2C_2_Master_RepStart		CODE           	0CA0	0000	10
		_I2C_2_Master_Write		CODE           	0C94	0000	12

i2c.c estimated size: 190

C:\Program Files\Microchip\xc8\v2.40\pic\sources\c99\common\xxtofl.c
		___xxtofl      		CODE           	0448	0000	436

C:\Program Files\Microchip\xc8\v2.40\pic\sources\c99\common\xxtofl.c estimated size: 436

shared
		__initialization		CODE           	0AA2	0000	54

shared estimated size: 54

C:\Program Files\Microchip\xc8\v2.40\pic\sources\c99\common\flge.c
		___flge        		CODE           	0720	0000	260

C:\Program Files\Microchip\xc8\v2.40\pic\sources\c99\common\flge.c estimated size: 260

main.c
		_main          		CODE           	05FC	0000	292

main.c estimated size: 292

